Archive member included to satisfy reference by file (symbol)

/usr/local/mcuxpressoide-11.0.1_2563/ide/plugins/com.nxp.mcuxpresso.tools.linux_11.0.1.201907311258/tools/bin/../lib/gcc/arm-none-eabi/8.2.1/../../../../arm-none-eabi/lib/thumb/v6-m/nofp/libcr_semihost_nf.a(_cr__main.o)
                              ./startup/startup_mkl25z4.o (__main)
/usr/local/mcuxpressoide-11.0.1_2563/ide/plugins/com.nxp.mcuxpresso.tools.linux_11.0.1.201907311258/tools/bin/../lib/gcc/arm-none-eabi/8.2.1/../../../../arm-none-eabi/lib/thumb/v6-m/nofp/libcr_semihost_nf.a(_cr_assert.o)
                              ./source/RingBuffer.o (__assertion_failed)
/usr/local/mcuxpressoide-11.0.1_2563/ide/plugins/com.nxp.mcuxpresso.tools.linux_11.0.1.201907311258/tools/bin/../lib/gcc/arm-none-eabi/8.2.1/../../../../arm-none-eabi/lib/thumb/v6-m/nofp/libcr_semihost_nf.a(__ciob.o)
                              /usr/local/mcuxpressoide-11.0.1_2563/ide/plugins/com.nxp.mcuxpresso.tools.linux_11.0.1.201907311258/tools/bin/../lib/gcc/arm-none-eabi/8.2.1/../../../../arm-none-eabi/lib/thumb/v6-m/nofp/libcr_semihost_nf.a(_cr_assert.o) (__Ciob)
/usr/local/mcuxpressoide-11.0.1_2563/ide/plugins/com.nxp.mcuxpresso.tools.linux_11.0.1.201907311258/tools/bin/../lib/gcc/arm-none-eabi/8.2.1/../../../../arm-none-eabi/lib/thumb/v6-m/nofp/libcr_semihost_nf.a(__sys_appexit.o)
                              /usr/local/mcuxpressoide-11.0.1_2563/ide/plugins/com.nxp.mcuxpresso.tools.linux_11.0.1.201907311258/tools/bin/../lib/gcc/arm-none-eabi/8.2.1/../../../../arm-none-eabi/lib/thumb/v6-m/nofp/libcr_semihost_nf.a(_cr_assert.o) (__sys_appexit)
/usr/local/mcuxpressoide-11.0.1_2563/ide/plugins/com.nxp.mcuxpresso.tools.linux_11.0.1.201907311258/tools/bin/../lib/gcc/arm-none-eabi/8.2.1/../../../../arm-none-eabi/lib/thumb/v6-m/nofp/libcr_c.a(memcpy.o)
                              ./drivers/fsl_flash.o (memcpy)
/usr/local/mcuxpressoide-11.0.1_2563/ide/plugins/com.nxp.mcuxpresso.tools.linux_11.0.1.201907311258/tools/bin/../lib/gcc/arm-none-eabi/8.2.1/../../../../arm-none-eabi/lib/thumb/v6-m/nofp/libcr_c.a(memset.o)
                              ./source/unity/unity.o (memset)
/usr/local/mcuxpressoide-11.0.1_2563/ide/plugins/com.nxp.mcuxpresso.tools.linux_11.0.1.201907311258/tools/bin/../lib/gcc/arm-none-eabi/8.2.1/../../../../arm-none-eabi/lib/thumb/v6-m/nofp/libcr_c.a(_deferredlazyseek.o)
                              /usr/local/mcuxpressoide-11.0.1_2563/ide/plugins/com.nxp.mcuxpresso.tools.linux_11.0.1.201907311258/tools/bin/../lib/gcc/arm-none-eabi/8.2.1/../../../../arm-none-eabi/lib/thumb/v6-m/nofp/libcr_semihost_nf.a(_cr_assert.o) (__flsbuf)
/usr/local/mcuxpressoide-11.0.1_2563/ide/plugins/com.nxp.mcuxpresso.tools.linux_11.0.1.201907311258/tools/bin/../lib/gcc/arm-none-eabi/8.2.1/../../../../arm-none-eabi/lib/thumb/v6-m/nofp/libcr_c.a(_fflush.o)
                              /usr/local/mcuxpressoide-11.0.1_2563/ide/plugins/com.nxp.mcuxpresso.tools.linux_11.0.1.201907311258/tools/bin/../lib/gcc/arm-none-eabi/8.2.1/../../../../arm-none-eabi/lib/thumb/v6-m/nofp/libcr_c.a(_deferredlazyseek.o) (_fflush)
/usr/local/mcuxpressoide-11.0.1_2563/ide/plugins/com.nxp.mcuxpresso.tools.linux_11.0.1.201907311258/tools/bin/../lib/gcc/arm-none-eabi/8.2.1/../../../../arm-none-eabi/lib/thumb/v6-m/nofp/libcr_c.a(_writebuf.o)
                              /usr/local/mcuxpressoide-11.0.1_2563/ide/plugins/com.nxp.mcuxpresso.tools.linux_11.0.1.201907311258/tools/bin/../lib/gcc/arm-none-eabi/8.2.1/../../../../arm-none-eabi/lib/thumb/v6-m/nofp/libcr_c.a(_deferredlazyseek.o) (_Cwritebuf)
/usr/local/mcuxpressoide-11.0.1_2563/ide/plugins/com.nxp.mcuxpresso.tools.linux_11.0.1.201907311258/tools/bin/../lib/gcc/arm-none-eabi/8.2.1/../../../../arm-none-eabi/lib/thumb/v6-m/nofp/libcr_c.a(alloc.o)
                              /usr/local/mcuxpressoide-11.0.1_2563/ide/plugins/com.nxp.mcuxpresso.tools.linux_11.0.1.201907311258/tools/bin/../lib/gcc/arm-none-eabi/8.2.1/../../../../arm-none-eabi/lib/thumb/v6-m/nofp/libcr_c.a(_deferredlazyseek.o) (_Csys_alloc)
/usr/local/mcuxpressoide-11.0.1_2563/ide/plugins/com.nxp.mcuxpresso.tools.linux_11.0.1.201907311258/tools/bin/../lib/gcc/arm-none-eabi/8.2.1/../../../../arm-none-eabi/lib/thumb/v6-m/nofp/libcr_c.a(fputs.o)
                              /usr/local/mcuxpressoide-11.0.1_2563/ide/plugins/com.nxp.mcuxpresso.tools.linux_11.0.1.201907311258/tools/bin/../lib/gcc/arm-none-eabi/8.2.1/../../../../arm-none-eabi/lib/thumb/v6-m/nofp/libcr_semihost_nf.a(_cr_assert.o) (fputs)
/usr/local/mcuxpressoide-11.0.1_2563/ide/plugins/com.nxp.mcuxpresso.tools.linux_11.0.1.201907311258/tools/bin/../lib/gcc/arm-none-eabi/8.2.1/../../../../arm-none-eabi/lib/thumb/v6-m/nofp/libcr_c.a(fseek.o)
                              /usr/local/mcuxpressoide-11.0.1_2563/ide/plugins/com.nxp.mcuxpresso.tools.linux_11.0.1.201907311258/tools/bin/../lib/gcc/arm-none-eabi/8.2.1/../../../../arm-none-eabi/lib/thumb/v6-m/nofp/libcr_c.a(_deferredlazyseek.o) (fseek)
[...]
Memory Configuration

Name             Origin             Length             Attributes
PROGRAM_FLASH    0x0000000000000000 0x0000000000020000 xr
SRAM             0x000000001ffff000 0x0000000000004000 xrw
*default*        0x0000000000000000 0xffffffffffffffff

Linker script and memory map

LOAD ./utilities/fsl_debug_console.o
LOAD ./startup/startup_mkl25z4.o
LOAD ./source/unity/unity.o
LOAD ./source/test/ringbufferTest.o
LOAD ./source/RingBuffer.o
LOAD ./source/mtb.o
LOAD ./source/semihost_hardfault.o
LOAD ./drivers/fsl_clock.o
LOAD ./drivers/fsl_common.o
LOAD ./drivers/fsl_flash.o
LOAD ./drivers/fsl_gpio.o
LOAD ./drivers/fsl_lpsci.o
LOAD ./drivers/fsl_smc.o
LOAD ./drivers/fsl_uart.o
LOAD ./board/board.o
LOAD ./board/clock_config.o
LOAD ./board/pin_mux.o
LOAD ./CMSIS/system_MKL25Z4.o
START GROUP
LOAD /usr/local/mcuxpressoide-11.0.1_2563/ide/plugins/com.nxp.mcuxpresso.tools.linux_11.0.1.201907311258/tools/bin/../lib/gcc/arm-none-eabi/8.2.1/../../../../arm-none-eabi/lib/thumb/v6-m/nofp/libcr_semihost_nf.a
LOAD /usr/local/mcuxpressoide-11.0.1_2563/ide/plugins/com.nxp.mcuxpresso.tools.linux_11.0.1.201907311258/tools/bin/../lib/gcc/arm-none-eabi/8.2.1/../../../../arm-none-eabi/lib/thumb/v6-m/nofp/libcr_c.a
LOAD /usr/local/mcuxpressoide-11.0.1_2563/ide/plugins/com.nxp.mcuxpresso.tools.linux_11.0.1.201907311258/tools/bin/../lib/gcc/arm-none-eabi/8.2.1/thumb/v6-m/nofp/libcr_eabihelpers.a
LOAD /usr/local/mcuxpressoide-11.0.1_2563/ide/plugins/com.nxp.mcuxpresso.tools.linux_11.0.1.201907311258/tools/bin/../lib/gcc/arm-none-eabi/8.2.1/thumb/v6-m/nofp/libgcc.a
END GROUP
                0x0000000000000000                __base_PROGRAM_FLASH = 0x0
                0x0000000000000000                __base_Flash = 0x0
                0x0000000000020000                __top_PROGRAM_FLASH = 0x20000
                0x0000000000020000                __top_Flash = 0x20000
                0x000000001ffff000                __base_SRAM = 0x1ffff000
                0x000000001ffff000                __base_RAM = 0x1ffff000
                0x0000000020003000                __top_SRAM = 0x20003000
                0x0000000020003000                __top_RAM = 0x20003000

.text           0x0000000000000000     0x3f60
 FILL mask 0xff
                0x0000000000000000                __vectors_start__ = ABSOLUTE (.)
 *(SORT_BY_ALIGNMENT(.isr_vector))
 .isr_vector    0x0000000000000000       0xc0 ./startup/startup_mkl25z4.o
                0x0000000000000000                __Vectors
                0x0000000000000000                g_pfnVectors
                0x00000000000000c0                . = ALIGN (0x4)
                0x00000000000000c0                __section_table_start = .
                0x00000000000000c0                __data_section_table = .
                0x00000000000000c0        0x4 LONG 0x3f60 LOADADDR (.data)
                0x00000000000000c4        0x4 LONG 0x1ffff080 ADDR (.data)
                0x00000000000000c8        0x4 LONG 0xf0 SIZEOF (.data)
                0x00000000000000cc                __data_section_table_end = .
                0x00000000000000cc                __bss_section_table = .
                0x00000000000000cc        0x4 LONG 0x1ffff170 ADDR (.bss)
                0x00000000000000d0        0x4 LONG 0x3d8 SIZEOF (.bss)
                0x00000000000000d4                __bss_section_table_end = .
                0x00000000000000d4                __section_table_end = .
 *(SORT_BY_ALIGNMENT(.after_vectors*))
 .after_vectors.reset
                0x00000000000000d4       0x4c ./startup/startup_mkl25z4.o
                0x00000000000000d4                ResetISR
 .after_vectors.init_data
                0x0000000000000120       0x12 ./startup/startup_mkl25z4.o
                0x0000000000000120                data_init
 .after_vectors.init_bss
                0x0000000000000132       0x10 ./startup/startup_mkl25z4.o
                0x0000000000000132                bss_init
 .after_vectors
                0x0000000000000142      0x10c ./startup/startup_mkl25z4.o
                0x0000000000000142                NMI_Handler
                0x0000000000000146                SVC_Handler
                0x0000000000000148                PendSV_Handler
                0x000000000000014a                SysTick_Handler
                0x000000000000014c                PIT_DriverIRQHandler
                0x000000000000014c                Reserved39_DriverIRQHandler
                0x000000000000014c                DMA0_DriverIRQHandler
                0x000000000000014c                SPI1_DriverIRQHandler
                0x000000000000014c                LPTMR0_DriverIRQHandler
                0x000000000000014c                TPM2_DriverIRQHandler
                0x000000000000014c                TSI0_DriverIRQHandler
                0x000000000000014c                RTC_Seconds_DriverIRQHandler
                0x000000000000014c                LLWU_DriverIRQHandler
                0x000000000000014c                MCG_DriverIRQHandler
                0x000000000000014c                FTFA_DriverIRQHandler
                0x000000000000014c                IntDefaultHandler
                0x000000000000014c                USB0_DriverIRQHandler
                0x000000000000014c                DAC0_DriverIRQHandler
                0x000000000000014c                LVD_LVW_DriverIRQHandler
                0x000000000000014c                TPM0_DriverIRQHandler
                0x000000000000014c                Reserved20_DriverIRQHandler
                0x000000000000014c                DMA3_DriverIRQHandler
                0x000000000000014c                Reserved45_DriverIRQHandler
                0x000000000000014c                PORTA_DriverIRQHandler
                0x000000000000014c                TPM1_DriverIRQHandler
                0x000000000000014c                RTC_DriverIRQHandler
                0x000000000000014c                DMA1_DriverIRQHandler
                0x000000000000014c                I2C1_DriverIRQHandler
                0x000000000000014c                SPI0_DriverIRQHandler
                0x000000000000014c                ADC0_DriverIRQHandler
                0x000000000000014c                CMP0_DriverIRQHandler
                0x000000000000014c                DMA2_DriverIRQHandler
                0x000000000000014c                PORTD_DriverIRQHandler
                0x000000000000014c                I2C0_DriverIRQHandler
                0x000000000000014e                DMA0_IRQHandler
                0x0000000000000156                DMA1_IRQHandler
                0x000000000000015e                DMA2_IRQHandler
                0x0000000000000166                DMA3_IRQHandler
                0x000000000000016e                Reserved20_IRQHandler
                0x0000000000000176                FTFA_IRQHandler
                0x000000000000017e                LVD_LVW_IRQHandler
                0x0000000000000186                LLWU_IRQHandler
                0x000000000000018e                I2C0_IRQHandler
                0x0000000000000196                I2C1_IRQHandler
                0x000000000000019e                SPI0_IRQHandler
                0x00000000000001a6                SPI1_IRQHandler
                0x00000000000001ae                UART0_IRQHandler
                0x00000000000001b6                UART1_IRQHandler
                0x00000000000001be                UART2_IRQHandler
                0x00000000000001c6                ADC0_IRQHandler
                0x00000000000001ce                CMP0_IRQHandler
                0x00000000000001d6                TPM0_IRQHandler
                0x00000000000001de                TPM1_IRQHandler
                0x00000000000001e6                TPM2_IRQHandler
                0x00000000000001ee                RTC_IRQHandler
                0x00000000000001f6                RTC_Seconds_IRQHandler
                0x00000000000001fe                PIT_IRQHandler
                0x0000000000000206                Reserved39_IRQHandler
                0x000000000000020e                USB0_IRQHandler
                0x0000000000000216                DAC0_IRQHandler
                0x000000000000021e                TSI0_IRQHandler
                0x0000000000000226                MCG_IRQHandler
                0x000000000000022e                LPTMR0_IRQHandler
                0x0000000000000236                Reserved45_IRQHandler
                0x000000000000023e                PORTA_IRQHandler
                0x0000000000000246                PORTD_IRQHandler
                0x0000000000000400                . = 0x400
 *fill*         0x000000000000024e      0x1b2 ff
                0x0000000000000400                PROVIDE (__FLASH_CONFIG_START__ = .)
 *(SORT_BY_ALIGNMENT(.FlashConfig))
 .FlashConfig   0x0000000000000400       0x10 ./startup/startup_mkl25z4.o
                0x0000000000000400                Flash_Config
                0x0000000000000410                PROVIDE (__FLASH_CONFIG_END__ = .)
                0x0000000000000001                ASSERT (! ((__FLASH_CONFIG_START__ == __FLASH_CONFIG_END__)), Linker Flash Config Support Enabled, but no .FlashConfig section provided within application)
 *(SORT_BY_ALIGNMENT(.text*))
 .text          0x0000000000000410       0x2c /usr/local/mcuxpressoide-11.0.1_2563/ide/plugins/com.nxp.mcuxpresso.tools.linux_11.0.1.201907311258/tools/bin/../lib/gcc/arm-none-eabi/8.2.1/../../../../arm-none-eabi/lib/thumb/v6-m/nofp/libcr_c.a(longjmp.o)
                0x0000000000000410                longjmp
 .text.UART0_WriteByte
                0x000000000000043c       0x30 ./source/unity/unity.o
 .text.UnityTestResultsBegin
                0x000000000000046c       0x44 ./source/unity/unity.o
 .text.UnityTestResultsFailBegin
                0x00000000000004b0       0x34 ./source/unity/unity.o
 .text.UnityConcludeTest
                0x00000000000004e4       0x6c ./source/unity/unity.o
                0x00000000000004e4                UnityConcludeTest
 .text.UnityAddMsgIfSpecified
                0x0000000000000550       0x74 ./source/unity/unity.o
 .text.UnityPrintExpectedAndActualStrings
                0x00000000000005c4       0x78 ./source/unity/unity.o
 .text.UnityIsOneArrayNull
                0x000000000000063c       0x70 ./source/unity/unity.o
 .text.UnityAssertEqualNumber
                0x00000000000006ac       0x94 ./source/unity/unity.o
                0x00000000000006ac                UnityAssertEqualNumber
 .text.UnityAssertEqualIntArray
                0x0000000000000740      0x1ec ./source/unity/unity.o
                0x0000000000000740                UnityAssertEqualIntArray
 .text.UnityAssertEqualString
                0x000000000000092c       0xc4 ./source/unity/unity.o
                0x000000000000092c                UnityAssertEqualString
 .text.UnityNumToPtr
                0x00000000000009f0       0x48 ./source/unity/unity.o
                0x00000000000009f0                UnityNumToPtr
 .text.UnityFail
                0x0000000000000a38       0xc0 ./source/unity/unity.o
                0x0000000000000a38                UnityFail
 .text.UnityDefaultTestRun
                0x0000000000000af8       0x68 ./source/unity/unity.o
                0x0000000000000af8                UnityDefaultTestRun
 .text.UnityBegin
                0x0000000000000b60       0x50 ./source/unity/unity.o
                0x0000000000000b60                UnityBegin
 .text.UnityEnd
                0x0000000000000bb0       0xb4 ./source/unity/unity.o
                0x0000000000000bb0                UnityEnd
 .text.CLOCK_SetLpsci0Clock
                0x0000000000000c64       0x38 ./source/test/ringbufferTest.o
 .text.rand_string
                0x0000000000000c9c       0x80 ./source/test/ringbufferTest.o
 .text.setUp    0x0000000000000d1c       0x3c ./source/test/ringbufferTest.o
                0x0000000000000d1c                setUp
 .text.test_InitTest
                0x0000000000000d58       0x90 ./source/test/ringbufferTest.o
                0x0000000000000d58                test_InitTest
 .text.test_Empty
                0x0000000000000de8       0x44 ./source/test/ringbufferTest.o
                0x0000000000000de8                test_Empty
 .text.test_OverFlow
                0x0000000000000e2c       0x5c ./source/test/ringbufferTest.o
                0x0000000000000e2c                test_OverFlow
 .text.test_IncrementAddress
                0x0000000000000e88       0x6c ./source/test/ringbufferTest.o
                0x0000000000000e88                test_IncrementAddress
 .text.test_WriteReadInit
                0x0000000000000ef4      0x12c ./source/test/ringbufferTest.o
                0x0000000000000ef4                test_WriteReadInit
 .text.test_WriteOverFlow
                0x0000000000001020      0x2b8 ./source/test/ringbufferTest.o
                0x0000000000001020                test_WriteOverFlow
 .text.test_WriteToFullAndReadAll
                0x00000000000012d8      0x2dc ./source/test/ringbufferTest.o
                0x00000000000012d8                test_WriteToFullAndReadAll
 .text.test_BufferOverFlow
                0x00000000000015b4      0x17c ./source/test/ringbufferTest.o
                0x00000000000015b4                test_BufferOverFlow
 .text.test_BufferReadEmpty
                0x0000000000001730      0x14c ./source/test/ringbufferTest.o
                0x0000000000001730                test_BufferReadEmpty
 .text.main     0x000000000000187c      0x120 ./source/test/ringbufferTest.o
                0x000000000000187c                main
 .text.RbufferNumOfElements
                0x000000000000199c       0x28 ./source/RingBuffer.o
                0x000000000000199c                RbufferNumOfElements
 .text.HardFault_Handler
                0x00000000000019c4       0x30 ./source/semihost_hardfault.o
                0x00000000000019c4                HardFault_Handler
 .text.CLOCK_SetEr32kClock
                0x00000000000019f4       0x34 ./drivers/fsl_clock.o
 .text.CLOCK_SetPllFllSelClock
                0x0000000000001a28       0x38 ./drivers/fsl_clock.o
 .text.CLOCK_GetMcgExtClkFreq
                0x0000000000001a60       0x28 ./drivers/fsl_clock.o
 .text.CLOCK_GetFllExtRefClkFreq
                0x0000000000001a88       0xa4 ./drivers/fsl_clock.o
 .text.CLOCK_GetInternalRefClkSelectFreq
                0x0000000000001b2c       0x40 ./drivers/fsl_clock.o
 .text.CLOCK_GetFllRefClkFreq
                0x0000000000001b6c       0x2c ./drivers/fsl_clock.o
 .text.CLOCK_GetOscRangeFromFreq
                0x0000000000001b98       0x4c ./drivers/fsl_clock.o
 .text.CLOCK_GetOsc0ErClkFreq
                0x0000000000001be4       0x3c ./drivers/fsl_clock.o
                0x0000000000001be4                CLOCK_GetOsc0ErClkFreq
 .text.CLOCK_GetEr32kClkFreq
                0x0000000000001c20       0x74 ./drivers/fsl_clock.o
                0x0000000000001c20                CLOCK_GetEr32kClkFreq
 .text.CLOCK_GetPllFllSelClkFreq
                0x0000000000001c94       0x4c ./drivers/fsl_clock.o
                0x0000000000001c94                CLOCK_GetPllFllSelClkFreq
 .text.CLOCK_GetFreq
                0x0000000000001ce0       0xe0 ./drivers/fsl_clock.o
                0x0000000000001ce0                CLOCK_GetFreq
 .text.CLOCK_SetSimConfig
                0x0000000000001dc0       0x38 ./drivers/fsl_clock.o
                0x0000000000001dc0                CLOCK_SetSimConfig
 .text.CLOCK_GetOutClkFreq
                0x0000000000001df8       0x68 ./drivers/fsl_clock.o
                0x0000000000001df8                CLOCK_GetOutClkFreq
 .text.CLOCK_GetFllFreq
                0x0000000000001e60       0x84 ./drivers/fsl_clock.o
                0x0000000000001e60                CLOCK_GetFllFreq
 .text.CLOCK_GetInternalRefClkFreq
                0x0000000000001ee4       0x28 ./drivers/fsl_clock.o
                0x0000000000001ee4                CLOCK_GetInternalRefClkFreq
 .text.CLOCK_GetPll0Freq
                0x0000000000001f0c       0x70 ./drivers/fsl_clock.o
                0x0000000000001f0c                CLOCK_GetPll0Freq
 .text.CLOCK_SetInternalRefClkConfig
                0x0000000000001f7c      0x124 ./drivers/fsl_clock.o
                0x0000000000001f7c                CLOCK_SetInternalRefClkConfig
 .text.CLOCK_EnablePll0
                0x00000000000020a0       0x90 ./drivers/fsl_clock.o
                0x00000000000020a0                CLOCK_EnablePll0
 .text.CLOCK_InitOsc0
                0x0000000000002130       0x94 ./drivers/fsl_clock.o
                0x0000000000002130                CLOCK_InitOsc0
 .text.CLOCK_SetPbeMode
                0x00000000000021c4       0xb0 ./drivers/fsl_clock.o
                0x00000000000021c4                CLOCK_SetPbeMode
 .text.CLOCK_BootToPeeMode
                0x0000000000002274       0x70 ./drivers/fsl_clock.o
                0x0000000000002274                CLOCK_BootToPeeMode
 .text.CLOCK_EnableClock
                0x00000000000022e4       0x34 ./drivers/fsl_lpsci.o
 .text.LPSCI_GetInstance
                0x0000000000002318       0x48 ./drivers/fsl_lpsci.o
                0x0000000000002318                LPSCI_GetInstance
 .text.LPSCI_Init
                0x0000000000002360      0x258 ./drivers/fsl_lpsci.o
                0x0000000000002360                LPSCI_Init
 .text.LPSCI_GetDefaultConfig
                0x00000000000025b8       0x44 ./drivers/fsl_lpsci.o
                0x00000000000025b8                LPSCI_GetDefaultConfig
 .text.UART0_DriverIRQHandler
                0x00000000000025fc       0x24 ./drivers/fsl_lpsci.o
                0x00000000000025fc                UART0_DriverIRQHandler
 .text.UART1_DriverIRQHandler
                0x0000000000002620       0x24 ./drivers/fsl_uart.o
                0x0000000000002620                UART1_DriverIRQHandler
 .text.UART2_DriverIRQHandler
                0x0000000000002644       0x24 ./drivers/fsl_uart.o
                0x0000000000002644                UART2_DriverIRQHandler
 .text.CLOCK_SetSimSafeDivs
                0x0000000000002668       0x20 ./board/clock_config.o
 .text.CLOCK_SetXtal0Freq
                0x0000000000002688       0x1c ./board/clock_config.o
 .text.CLOCK_CONFIG_SetFllExtRefDiv
                0x00000000000026a4       0x3c ./board/clock_config.o
 .text.BOARD_BootClockRUN
                0x00000000000026e0       0x64 ./board/clock_config.o
                0x00000000000026e0                BOARD_BootClockRUN
 .text.CLOCK_EnableClock
                0x0000000000002744       0x34 ./board/pin_mux.o
 .text.PORT_SetPinMux
                0x0000000000002778       0x40 ./board/pin_mux.o
 .text.BOARD_InitPins
                0x00000000000027b8       0x4c ./board/pin_mux.o
                0x00000000000027b8                BOARD_InitPins
 .text.SystemInit
                0x0000000000002804       0x18 ./CMSIS/system_MKL25Z4.o
                0x0000000000002804                SystemInit
 .text.__assertion_failed
                0x000000000000281c       0x4c /usr/local/mcuxpressoide-11.0.1_2563/ide/plugins/com.nxp.mcuxpresso.tools.linux_11.0.1.201907311258/tools/bin/../lib/gcc/arm-none-eabi/8.2.1/../../../../arm-none-eabi/lib/thumb/v6-m/nofp/libcr_semihost_nf.a(_cr_assert.o)
                0x000000000000281c                __assertion_failed
 .text.__sys_appexit
                0x0000000000002868        0xc /usr/local/mcuxpressoide-11.0.1_2563/ide/plugins/com.nxp.mcuxpresso.tools.linux_11.0.1.201907311258/tools/bin/../lib/gcc/arm-none-eabi/8.2.1/../../../../arm-none-eabi/lib/thumb/v6-m/nofp/libcr_semihost_nf.a(__sys_appexit.o)
                0x0000000000002868                __exit
                0x0000000000002868                __sys_appexit
 .text._deferredlazyseek
                0x0000000000002874       0x40 /usr/local/mcuxpressoide-11.0.1_2563/ide/plugins/com.nxp.mcuxpresso.tools.linux_11.0.1.201907311258/tools/bin/../lib/gcc/arm-none-eabi/8.2.1/../../../../arm-none-eabi/lib/thumb/v6-m/nofp/libcr_c.a(_deferredlazyseek.o)
                0x0000000000002874                _deferredlazyseek
 .text.__flsbuf
                0x00000000000028b4      0x14c /usr/local/mcuxpressoide-11.0.1_2563/ide/plugins/com.nxp.mcuxpresso.tools.linux_11.0.1.201907311258/tools/bin/../lib/gcc/arm-none-eabi/8.2.1/../../../../arm-none-eabi/lib/thumb/v6-m/nofp/libcr_c.a(_deferredlazyseek.o)
                0x00000000000028b4                __flsbuf
 .text._fflush  0x0000000000002a00       0x5c /usr/local/mcuxpressoide-11.0.1_2563/ide/plugins/com.nxp.mcuxpresso.tools.linux_11.0.1.201907311258/tools/bin/../lib/gcc/arm-none-eabi/8.2.1/../../../../arm-none-eabi/lib/thumb/v6-m/nofp/libcr_c.a(_fflush.o)
                0x0000000000002a00                _fflush
 .text._Cwritebuf
                0x0000000000002a5c       0x68 /usr/local/mcuxpressoide-11.0.1_2563/ide/plugins/com.nxp.mcuxpresso.tools.linux_11.0.1.201907311258/tools/bin/../lib/gcc/arm-none-eabi/8.2.1/../../../../arm-none-eabi/lib/thumb/v6-m/nofp/libcr_c.a(_writebuf.o)
                0x0000000000002a5c                _Cwritebuf
 .text.malloc   0x0000000000002ac4       0xcc /usr/local/mcuxpressoide-11.0.1_2563/ide/plugins/com.nxp.mcuxpresso.tools.linux_11.0.1.201907311258/tools/bin/../lib/gcc/arm-none-eabi/8.2.1/../../../../arm-none-eabi/lib/thumb/v6-m/nofp/libcr_c.a(alloc.o)
                0x0000000000002ac4                malloc
 .text._Csys_alloc
                0x0000000000002b90       0x20 /usr/local/mcuxpressoide-11.0.1_2563/ide/plugins/com.nxp.mcuxpresso.tools.linux_11.0.1.201907311258/tools/bin/../lib/gcc/arm-none-eabi/8.2.1/../../../../arm-none-eabi/lib/thumb/v6-m/nofp/libcr_c.a(alloc.o)
                0x0000000000002b90                _Csys_alloc
 .text.fseek    0x0000000000002bb0       0xf0 /usr/local/mcuxpressoide-11.0.1_2563/ide/plugins/com.nxp.mcuxpresso.tools.linux_11.0.1.201907311258/tools/bin/../lib/gcc/arm-none-eabi/8.2.1/../../../../arm-none-eabi/lib/thumb/v6-m/nofp/libcr_c.a(fseek.o)
                0x0000000000002bb0                fseek
 .text.ftell    0x0000000000002ca0       0x48 /usr/local/mcuxpressoide-11.0.1_2563/ide/plugins/com.nxp.mcuxpresso.tools.linux_11.0.1.201907311258/tools/bin/../lib/gcc/arm-none-eabi/8.2.1/../../../../arm-none-eabi/lib/thumb/v6-m/nofp/libcr_c.a(ftell.o)
                0x0000000000002ca0                ftell
 .text._initio  0x0000000000002ce8       0x7c /usr/local/mcuxpressoide-11.0.1_2563/ide/plugins/com.nxp.mcuxpresso.tools.linux_11.0.1.201907311258/tools/bin/../lib/gcc/arm-none-eabi/8.2.1/../../../../arm-none-eabi/lib/thumb/v6-m/nofp/libcr_c.a(initio.o)
                0x0000000000002ce8                _initio
 .text          0x0000000000002d64       0x18 /usr/local/mcuxpressoide-11.0.1_2563/ide/plugins/com.nxp.mcuxpresso.tools.linux_11.0.1.201907311258/tools/bin/../lib/gcc/arm-none-eabi/8.2.1/../../../../arm-none-eabi/lib/thumb/v6-m/nofp/libcr_c.a(setjmp.o)
                0x0000000000002d64                setjmp
 .text.setvbuf  0x0000000000002d7c       0x4c /usr/local/mcuxpressoide-11.0.1_2563/ide/plugins/com.nxp.mcuxpresso.tools.linux_11.0.1.201907311258/tools/bin/../lib/gcc/arm-none-eabi/8.2.1/../../../../arm-none-eabi/lib/thumb/v6-m/nofp/libcr_c.a(setvbuf.o)
                0x0000000000002d7c                setvbuf
 .text.rand     0x0000000000002dc8       0x44 /usr/local/mcuxpressoide-11.0.1_2563/ide/plugins/com.nxp.mcuxpresso.tools.linux_11.0.1.201907311258/tools/bin/../lib/gcc/arm-none-eabi/8.2.1/../../../../arm-none-eabi/lib/thumb/v6-m/nofp/libcr_c.a(stdlib.o)
                0x0000000000002dc8                rand
 .text._sbrk    0x0000000000002e0c       0x40 /usr/local/mcuxpressoide-11.0.1_2563/ide/plugins/com.nxp.mcuxpresso.tools.linux_11.0.1.201907311258/tools/bin/../lib/gcc/arm-none-eabi/8.2.1/../../../../arm-none-eabi/lib/thumb/v6-m/nofp/libcr_c.a(_cr_sbrk.o)
                0x0000000000002e0c                _sbrk
 .text._fdopen  0x0000000000002e4c       0x74 /usr/local/mcuxpressoide-11.0.1_2563/ide/plugins/com.nxp.mcuxpresso.tools.linux_11.0.1.201907311258/tools/bin/../lib/gcc/arm-none-eabi/8.2.1/../../../../arm-none-eabi/lib/thumb/v6-m/nofp/libcr_c.a(_fdopen.o)
                0x0000000000002e4c                _fdopen
 .text.fclose   0x0000000000002ec0       0x5c /usr/local/mcuxpressoide-11.0.1_2563/ide/plugins/com.nxp.mcuxpresso.tools.linux_11.0.1.201907311258/tools/bin/../lib/gcc/arm-none-eabi/8.2.1/../../../../arm-none-eabi/lib/thumb/v6-m/nofp/libcr_c.a(fclose.o)
                0x0000000000002ec0                fclose
 .text.fflush   0x0000000000002f1c       0x44 /usr/local/mcuxpressoide-11.0.1_2563/ide/plugins/com.nxp.mcuxpresso.tools.linux_11.0.1.201907311258/tools/bin/../lib/gcc/arm-none-eabi/8.2.1/../../../../arm-none-eabi/lib/thumb/v6-m/nofp/libcr_c.a(fflush.o)
                0x0000000000002f1c                fflush
 .text.strlen   0x0000000000002f60       0x58 /usr/local/mcuxpressoide-11.0.1_2563/ide/plugins/com.nxp.mcuxpresso.tools.linux_11.0.1.201907311258/tools/bin/../lib/gcc/arm-none-eabi/8.2.1/../../../../arm-none-eabi/lib/thumb/v6-m/nofp/libcr_c.a(strlen.o)
                0x0000000000002f60                strlen
 .text.__check_heap_overflow
                0x0000000000002fb8       0x14 /usr/local/mcuxpressoide-11.0.1_2563/ide/plugins/com.nxp.mcuxpresso.tools.linux_11.0.1.201907311258/tools/bin/../lib/gcc/arm-none-eabi/8.2.1/../../../../arm-none-eabi/lib/thumb/v6-m/nofp/libcr_c.a(_cr_check_heap.o)
                0x0000000000002fb8                __check_heap_overflow
 .text._do_fflush
                0x0000000000002fcc       0x44 /usr/local/mcuxpressoide-11.0.1_2563/ide/plugins/com.nxp.mcuxpresso.tools.linux_11.0.1.201907311258/tools/bin/../lib/gcc/arm-none-eabi/8.2.1/../../../../arm-none-eabi/lib/thumb/v6-m/nofp/libcr_c.a(_do_fflush.o)
                0x0000000000002fcc                _do_fflush
 .text.UnityPrintChar
                0x0000000000003010       0x70 ./source/unity/unity.o
 .text.UnityPrint
                0x0000000000003080       0x32 ./source/unity/unity.o
                0x0000000000003080                UnityPrint
 .text.UnityPrintNumberByStyle
                0x00000000000030b2       0x60 ./source/unity/unity.o
                0x00000000000030b2                UnityPrintNumberByStyle
 .text.UnityPrintNumber
                0x0000000000003112       0x2e ./source/unity/unity.o
                0x0000000000003112                UnityPrintNumber
 .text.UnityPrintNumberUnsigned
                0x0000000000003140       0x64 ./source/unity/unity.o
                0x0000000000003140                UnityPrintNumberUnsigned
 .text.UnityPrintNumberHex
                0x00000000000031a4       0x80 ./source/unity/unity.o
                0x00000000000031a4                UnityPrintNumberHex
 .text.LPSCI_EnableTx
                0x0000000000003224       0x40 ./source/test/ringbufferTest.o
 .text.LPSCI_EnableRx
                0x0000000000003264       0x40 ./source/test/ringbufferTest.o
 .text.tearDown
                0x00000000000032a4        0xa ./source/test/ringbufferTest.o
                0x00000000000032a4                tearDown
 .text.incrementAddress
                0x00000000000032ae       0x36 ./source/RingBuffer.o
                0x00000000000032ae                incrementAddress
 .text.RbufferIsFull
                0x00000000000032e4       0x20 ./source/RingBuffer.o
                0x00000000000032e4                RbufferIsFull
 .text.RbufferWrite
                0x0000000000003304       0x88 ./source/RingBuffer.o
                0x0000000000003304                RbufferWrite
 .text.RbufferRead
                0x000000000000338c       0x68 ./source/RingBuffer.o
                0x000000000000338c                RbufferRead
 .text.RbufferInit
                0x00000000000033f4       0x3c ./source/RingBuffer.o
                0x00000000000033f4                RbufferInit
 .text.RbufferCapacity
                0x0000000000003430       0x14 ./source/RingBuffer.o
                0x0000000000003430                RbufferCapacity
 .text.RBufferOverflow
                0x0000000000003444       0x14 ./source/RingBuffer.o
                0x0000000000003444                RBufferOverflow
 .text.OSC_SetExtRefClkConfig
                0x0000000000003458       0x3e ./drivers/fsl_clock.o
 .text.OSC_SetCapLoad
                0x0000000000003496       0x42 ./drivers/fsl_clock.o
 .text.CLOCK_GetPll0RefFreq
                0x00000000000034d8       0x10 ./drivers/fsl_clock.o
 .text.CLOCK_GetFixedFreqClkFreq
                0x00000000000034e8       0x30 ./drivers/fsl_clock.o
                0x00000000000034e8                CLOCK_GetFixedFreqClkFreq
 .text.CLOCK_SetExternalRefClkConfig
                0x0000000000003518       0x16 ./drivers/fsl_clock.o
                0x0000000000003518                CLOCK_SetExternalRefClkConfig
 .text.__main   0x000000000000352e        0xc /usr/local/mcuxpressoide-11.0.1_2563/ide/plugins/com.nxp.mcuxpresso.tools.linux_11.0.1.201907311258/tools/bin/../lib/gcc/arm-none-eabi/8.2.1/../../../../arm-none-eabi/lib/thumb/v6-m/nofp/libcr_semihost_nf.a(_cr__main.o)
                0x000000000000352e                __main
                0x000000000000352e                __CR_SEMIHOST
 .text.memset   0x000000000000353a        0x8 /usr/local/mcuxpressoide-11.0.1_2563/ide/plugins/com.nxp.mcuxpresso.tools.linux_11.0.1.201907311258/tools/bin/../lib/gcc/arm-none-eabi/8.2.1/../../../../arm-none-eabi/lib/thumb/v6-m/nofp/libcr_c.a(memset.o)
                0x000000000000353a                memset
 .text.free     0x0000000000003542       0x2c /usr/local/mcuxpressoide-11.0.1_2563/ide/plugins/com.nxp.mcuxpresso.tools.linux_11.0.1.201907311258/tools/bin/../lib/gcc/arm-none-eabi/8.2.1/../../../../arm-none-eabi/lib/thumb/v6-m/nofp/libcr_c.a(alloc.o)
                0x0000000000003542                free
 .text.fputs    0x000000000000356e       0x2e /usr/local/mcuxpressoide-11.0.1_2563/ide/plugins/com.nxp.mcuxpresso.tools.linux_11.0.1.201907311258/tools/bin/../lib/gcc/arm-none-eabi/8.2.1/../../../../arm-none-eabi/lib/thumb/v6-m/nofp/libcr_c.a(fputs.o)
                0x000000000000356e                fputs
 .text.remove   0x000000000000359c       0x12 /usr/local/mcuxpressoide-11.0.1_2563/ide/plugins/com.nxp.mcuxpresso.tools.linux_11.0.1.201907311258/tools/bin/../lib/gcc/arm-none-eabi/8.2.1/../../../../arm-none-eabi/lib/thumb/v6-m/nofp/libcr_c.a(remove.o)
                0x000000000000359c                remove
 .text.__aeabi_division_idivmod
                0x00000000000035ae       0x78 /usr/local/mcuxpressoide-11.0.1_2563/ide/plugins/com.nxp.mcuxpresso.tools.linux_11.0.1.201907311258/tools/bin/../lib/gcc/arm-none-eabi/8.2.1/thumb/v6-m/nofp/libcr_eabihelpers.a(division_32.o)
                0x00000000000035ae                __aeabi_idiv
                0x00000000000035ae                __aeabi_idivmod
                0x00000000000035b4                __aeabi_uidiv
                0x00000000000035b4                __aeabi_uidivmod
 .text.__aeabi_division_idiv0
                0x0000000000003626        0x2 /usr/local/mcuxpressoide-11.0.1_2563/ide/plugins/com.nxp.mcuxpresso.tools.linux_11.0.1.201907311258/tools/bin/../lib/gcc/arm-none-eabi/8.2.1/thumb/v6-m/nofp/libcr_eabihelpers.a(division_idiv0.o)
                0x0000000000003626                __aeabi_idiv0
 .text.__aeabi_memset_lowlevel
                0x0000000000003628       0x2a /usr/local/mcuxpressoide-11.0.1_2563/ide/plugins/com.nxp.mcuxpresso.tools.linux_11.0.1.201907311258/tools/bin/../lib/gcc/arm-none-eabi/8.2.1/thumb/v6-m/nofp/libcr_eabihelpers.a(memcpy.o)
                0x0000000000003628                __aeabi_lowlevel_memset
 .text.__sys_close
                0x0000000000003652        0xc /usr/local/mcuxpressoide-11.0.1_2563/ide/plugins/com.nxp.mcuxpresso.tools.linux_11.0.1.201907311258/tools/bin/../lib/gcc/arm-none-eabi/8.2.1/../../../../arm-none-eabi/lib/thumb/v6-m/nofp/libcr_semihost_nf.a(__sys_close.o)
                0x0000000000003652                __sys_close
 .text.__sys_flen
                0x000000000000365e        0xc /usr/local/mcuxpressoide-11.0.1_2563/ide/plugins/com.nxp.mcuxpresso.tools.linux_11.0.1.201907311258/tools/bin/../lib/gcc/arm-none-eabi/8.2.1/../../../../arm-none-eabi/lib/thumb/v6-m/nofp/libcr_semihost_nf.a(__sys_flen.o)
                0x000000000000365e                __sys_flen
 .text.__sys_istty
                0x000000000000366a        0xc /usr/local/mcuxpressoide-11.0.1_2563/ide/plugins/com.nxp.mcuxpresso.tools.linux_11.0.1.201907311258/tools/bin/../lib/gcc/arm-none-eabi/8.2.1/../../../../arm-none-eabi/lib/thumb/v6-m/nofp/libcr_semihost_nf.a(__sys_istty.o)
                0x000000000000366a                __sys_istty
 .text.__sys_remove
                0x0000000000003676        0xc /usr/local/mcuxpressoide-11.0.1_2563/ide/plugins/com.nxp.mcuxpresso.tools.linux_11.0.1.201907311258/tools/bin/../lib/gcc/arm-none-eabi/8.2.1/../../../../arm-none-eabi/lib/thumb/v6-m/nofp/libcr_semihost_nf.a(__sys_remove.o)
                0x0000000000003676                __sys_remove
 .text.__sys_seek
                0x0000000000003682        0xc /usr/local/mcuxpressoide-11.0.1_2563/ide/plugins/com.nxp.mcuxpresso.tools.linux_11.0.1.201907311258/tools/bin/../lib/gcc/arm-none-eabi/8.2.1/../../../../arm-none-eabi/lib/thumb/v6-m/nofp/libcr_semihost_nf.a(__sys_seek.o)
                0x0000000000003682                __sys_seek
 .text.__sys_tmpnam
                0x000000000000368e        0xc /usr/local/mcuxpressoide-11.0.1_2563/ide/plugins/com.nxp.mcuxpresso.tools.linux_11.0.1.201907311258/tools/bin/../lib/gcc/arm-none-eabi/8.2.1/../../../../arm-none-eabi/lib/thumb/v6-m/nofp/libcr_semihost_nf.a(__sys_tmpnam.o)
                0x000000000000368e                __sys_tmpnam
 .text.__sys_write
                0x000000000000369a        0xc /usr/local/mcuxpressoide-11.0.1_2563/ide/plugins/com.nxp.mcuxpresso.tools.linux_11.0.1.201907311258/tools/bin/../lib/gcc/arm-none-eabi/8.2.1/../../../../arm-none-eabi/lib/thumb/v6-m/nofp/libcr_semihost_nf.a(__sys_write.o)
                0x000000000000369a                __sys_write
 *(SORT_BY_ALIGNMENT(.rodata) SORT_BY_ALIGNMENT(.rodata.*) SORT_BY_ALIGNMENT(.constdata) SORT_BY_ALIGNMENT(.constdata.*))
 *fill*         0x00000000000036a6        0x2 ff
 .rodata.UnityStrOk
                0x00000000000036a8        0x3 ./source/unity/unity.o
                0x00000000000036a8                UnityStrOk
 *fill*         0x00000000000036ab        0x1 ff
 .rodata.UnityStrPass
                0x00000000000036ac        0x5 ./source/unity/unity.o
                0x00000000000036ac                UnityStrPass
 *fill*         0x00000000000036b1        0x3 ff
 .rodata.UnityStrFail
                0x00000000000036b4        0x5 ./source/unity/unity.o
                0x00000000000036b4                UnityStrFail
 *fill*         0x00000000000036b9        0x3 ff
 .rodata.UnityStrNull
                0x00000000000036bc        0x5 ./source/unity/unity.o
 *fill*         0x00000000000036c1        0x3 ff
 .rodata.UnityStrSpacer
                0x00000000000036c4        0x3 ./source/unity/unity.o
 *fill*         0x00000000000036c7        0x1 ff
 .rodata.UnityStrExpected
                0x00000000000036c8        0xb ./source/unity/unity.o
 *fill*         0x00000000000036d3        0x1 ff
 .rodata.UnityStrWas
                0x00000000000036d4        0x6 ./source/unity/unity.o
 *fill*         0x00000000000036da        0x2 ff
 .rodata.UnityStrElement
                0x00000000000036dc        0xa ./source/unity/unity.o
 *fill*         0x00000000000036e6        0x2 ff
 .rodata.UnityStrPointless
                0x00000000000036e8       0x37 ./source/unity/unity.o
 *fill*         0x000000000000371f        0x1 ff
 .rodata.UnityStrNullPointerForExpected
                0x0000000000003720       0x1d ./source/unity/unity.o
 *fill*         0x000000000000373d        0x3 ff
 .rodata.UnityStrNullPointerForActual
                0x0000000000003740       0x19 ./source/unity/unity.o
 *fill*         0x0000000000003759        0x3 ff
 .rodata.UnityStrBreaker
                0x000000000000375c       0x18 ./source/unity/unity.o
 .rodata.UnityStrResultsTests
                0x0000000000003774        0x8 ./source/unity/unity.o
 .rodata.UnityStrResultsFailures
                0x000000000000377c        0xb ./source/unity/unity.o
 *fill*         0x0000000000003787        0x1 ff
 .rodata.UnityStrResultsIgnored
                0x0000000000003788        0xa ./source/unity/unity.o
 *fill*         0x0000000000003792        0x2 ff
 .rodata.UnityStrDetail1Name
                0x0000000000003794        0xa ./source/unity/unity.o
 *fill*         0x000000000000379e        0x2 ff
 .rodata.UnityStrDetail2Name
                0x00000000000037a0        0xb ./source/unity/unity.o
 *fill*         0x00000000000037ab        0x1 ff
 .rodata        0x00000000000037ac      0x145 ./source/test/ringbufferTest.o
 *fill*         0x00000000000038f1        0x3 ff
 .rodata        0x00000000000038f4       0x21 ./source/RingBuffer.o
 *fill*         0x0000000000003915        0x3 ff
 .rodata        0x0000000000003918      0x11d ./drivers/fsl_clock.o
 *fill*         0x0000000000003a35        0x3 ff
 .rodata.CLOCK_GetFreq
                0x0000000000003a38       0x38 ./drivers/fsl_clock.o
 .rodata.fllFactorTable.5230
                0x0000000000003a70       0x10 ./drivers/fsl_clock.o
 .rodata        0x0000000000003a80      0x48c ./drivers/fsl_lpsci.o
 .rodata.mcgConfig_BOARD_BootClockRUN
                0x0000000000003f0c        0xa ./board/clock_config.o
                0x0000000000003f0c                mcgConfig_BOARD_BootClockRUN
 *fill*         0x0000000000003f16        0x2 ff
 .rodata.simConfig_BOARD_BootClockRUN
                0x0000000000003f18        0x8 ./board/clock_config.o
                0x0000000000003f18                simConfig_BOARD_BootClockRUN
 .rodata.oscConfig_BOARD_BootClockRUN
                0x0000000000003f20        0x8 ./board/clock_config.o
                0x0000000000003f20                oscConfig_BOARD_BootClockRUN
 .rodata.__num_Ciob_streams
                0x0000000000003f28        0x4 /usr/local/mcuxpressoide-11.0.1_2563/ide/plugins/com.nxp.mcuxpresso.tools.linux_11.0.1.201907311258/tools/bin/../lib/gcc/arm-none-eabi/8.2.1/../../../../arm-none-eabi/lib/thumb/v6-m/nofp/libcr_semihost_nf.a(__ciob.o)
                0x0000000000003f28                __num_Ciob_streams
 .rodata.__assertion_failed.str1.1
                0x0000000000003f2c       0x15 /usr/local/mcuxpressoide-11.0.1_2563/ide/plugins/com.nxp.mcuxpresso.tools.linux_11.0.1.201907311258/tools/bin/../lib/gcc/arm-none-eabi/8.2.1/../../../../arm-none-eabi/lib/thumb/v6-m/nofp/libcr_semihost_nf.a(_cr_assert.o)
 .rodata._Csys_alloc.str1.1
                0x0000000000003f41       0x18 /usr/local/mcuxpressoide-11.0.1_2563/ide/plugins/com.nxp.mcuxpresso.tools.linux_11.0.1.201907311258/tools/bin/../lib/gcc/arm-none-eabi/8.2.1/../../../../arm-none-eabi/lib/thumb/v6-m/nofp/libcr_c.a(alloc.o)
 .rodata._initio.str1.1
                0x0000000000003f59        0x4 /usr/local/mcuxpressoide-11.0.1_2563/ide/plugins/com.nxp.mcuxpresso.tools.linux_11.0.1.201907311258/tools/bin/../lib/gcc/arm-none-eabi/8.2.1/../../../../arm-none-eabi/lib/thumb/v6-m/nofp/libcr_c.a(initio.o)
                0x0000000000003f60                . = ALIGN (0x4)
 *fill*         0x0000000000003f5d        0x3 ff

.glue_7         0x0000000000003f60        0x0
 .glue_7        0x0000000000003f60        0x0 linker stubs

.glue_7t        0x0000000000003f60        0x0
 .glue_7t       0x0000000000003f60        0x0 linker stubs

.vfp11_veneer   0x0000000000003f60        0x0
 .vfp11_veneer  0x0000000000003f60        0x0 linker stubs

.v4_bx          0x0000000000003f60        0x0
 .v4_bx         0x0000000000003f60        0x0 linker stubs

.iplt           0x0000000000003f60        0x0
 .iplt          0x0000000000003f60        0x0 ./startup/startup_mkl25z4.o

.rel.dyn        0x0000000000003f60        0x0
 .rel.iplt      0x0000000000003f60        0x0 ./startup/startup_mkl25z4.o

.ARM.extab
 *(SORT_BY_ALIGNMENT(.ARM.extab*) SORT_BY_ALIGNMENT(.gnu.linkonce.armextab.*))
                0x0000000000003f60                __exidx_start = .

.ARM.exidx
 *(SORT_BY_ALIGNMENT(.ARM.exidx*) SORT_BY_ALIGNMENT(.gnu.linkonce.armexidx.*))
                0x0000000000003f60                __exidx_end = .
                0x0000000000003f60                _etext = .

.m_usb_data
 *(SORT_BY_ALIGNMENT(m_usb_bdt))

.mtb_buffer_default
                0x000000001ffff000       0x80
 *(SORT_BY_ALIGNMENT(.mtb*))
 .mtb.$RAM1     0x000000001ffff000       0x80 ./source/mtb.o
                0x000000001ffff000                __mtb_buffer__

.uninit_RESERVED
                0x000000001ffff080        0x0
                0x000000001ffff080                . = ALIGN (0x4)
 *(SORT_BY_ALIGNMENT(.bss.$RESERVED*))
                0x000000001ffff080                . = ALIGN (0x4)
                0x000000001ffff080                _end_uninit_RESERVED = .

.data           0x000000001ffff080       0xf0 load address 0x0000000000003f60
 FILL mask 0xff
                0x000000001ffff080                _data = .
 *(SORT_BY_ALIGNMENT(vtable))
 *(SORT_BY_ALIGNMENT(.ramfunc*))
 *(SORT_BY_ALIGNMENT(CodeQuickAccess))
 *(SORT_BY_ALIGNMENT(DataQuickAccess))
 *(SORT_BY_ALIGNMENT(RamFunction))
 *(SORT_BY_ALIGNMENT(.data*))
 .data.s_slowIrcFreq
                0x000000001ffff080        0x4 ./drivers/fsl_clock.o
 .data.s_fastIrcFreq
                0x000000001ffff084        0x4 ./drivers/fsl_clock.o
 .data.SystemCoreClock
                0x000000001ffff088        0x4 ./CMSIS/system_MKL25Z4.o
                0x000000001ffff088                SystemCoreClock
 .data._random_j
                0x000000001ffff08c        0x4 /usr/local/mcuxpressoide-11.0.1_2563/ide/plugins/com.nxp.mcuxpresso.tools.linux_11.0.1.201907311258/tools/bin/../lib/gcc/arm-none-eabi/8.2.1/../../../../arm-none-eabi/lib/thumb/v6-m/nofp/libcr_c.a(stdlib.o)
 .data._random_k
                0x000000001ffff090        0x4 /usr/local/mcuxpressoide-11.0.1_2563/ide/plugins/com.nxp.mcuxpresso.tools.linux_11.0.1.201907311258/tools/bin/../lib/gcc/arm-none-eabi/8.2.1/../../../../arm-none-eabi/lib/thumb/v6-m/nofp/libcr_c.a(stdlib.o)
 .data._random_number_seed
                0x000000001ffff094       0xdc /usr/local/mcuxpressoide-11.0.1_2563/ide/plugins/com.nxp.mcuxpresso.tools.linux_11.0.1.201907311258/tools/bin/../lib/gcc/arm-none-eabi/8.2.1/../../../../arm-none-eabi/lib/thumb/v6-m/nofp/libcr_c.a(stdlib.o)
                0x000000001ffff170                . = ALIGN (0x4)
                0x000000001ffff170                _edata = .

.igot.plt       0x000000001ffff170        0x0 load address 0x0000000000004050
 .igot.plt      0x000000001ffff170        0x0 ./startup/startup_mkl25z4.o

.bss            0x000000001ffff170      0x3d8 load address 0x0000000000004050
                0x000000001ffff170                . = ALIGN (0x4)
                0x000000001ffff170                _bss = .
 *(SORT_BY_ALIGNMENT(.bss*))
 .bss.Unity     0x000000001ffff170       0x80 ./source/unity/unity.o
                0x000000001ffff170                Unity
 .bss.UnityQuickCompare
                0x000000001ffff1f0        0x4 ./source/unity/unity.o
 .bss.rxBuffer_handler
                0x000000001ffff1f4       0x18 ./source/test/ringbufferTest.o
 .bss.rxBufferStruct
                0x000000001ffff20c       0x68 ./source/test/ringbufferTest.o
                0x000000001ffff20c                rxBufferStruct
 .bss.bufferTest.5881
                0x000000001ffff274       0xc8 ./source/test/ringbufferTest.o
 .bss.bufferTest.5892
                0x000000001ffff33c       0x64 ./source/test/ringbufferTest.o
 .bss.bufferTest.5902
                0x000000001ffff3a0       0xc8 ./source/test/ringbufferTest.o
 .bss.g_xtal0Freq
                0x000000001ffff468        0x4 ./drivers/fsl_clock.o
                0x000000001ffff468                g_xtal0Freq
 .bss.g_xtal32Freq
                0x000000001ffff46c        0x4 ./drivers/fsl_clock.o
                0x000000001ffff46c                g_xtal32Freq
 .bss.s_lpsciHandle
                0x000000001ffff470        0x4 ./drivers/fsl_lpsci.o
 .bss.s_lpsciIsr
                0x000000001ffff474        0x4 ./drivers/fsl_lpsci.o
 .bss.s_uartHandle
                0x000000001ffff478        0xc ./drivers/fsl_uart.o
 .bss.s_uartIsr
                0x000000001ffff484        0x4 ./drivers/fsl_uart.o
 .bss.__Ciob    0x000000001ffff488       0xb4 /usr/local/mcuxpressoide-11.0.1_2563/ide/plugins/com.nxp.mcuxpresso.tools.linux_11.0.1.201907311258/tools/bin/../lib/gcc/arm-none-eabi/8.2.1/../../../../arm-none-eabi/lib/thumb/v6-m/nofp/libcr_semihost_nf.a(__ciob.o)
                0x000000001ffff488                __Ciob
 .bss.__end_of_heap
                0x000000001ffff53c        0x4 /usr/local/mcuxpressoide-11.0.1_2563/ide/plugins/com.nxp.mcuxpresso.tools.linux_11.0.1.201907311258/tools/bin/../lib/gcc/arm-none-eabi/8.2.1/../../../../arm-none-eabi/lib/thumb/v6-m/nofp/libcr_c.a(__init_alloc.o)
                0x000000001ffff53c                __end_of_heap
 .bss.__heaps   0x000000001ffff540        0x4 /usr/local/mcuxpressoide-11.0.1_2563/ide/plugins/com.nxp.mcuxpresso.tools.linux_11.0.1.201907311258/tools/bin/../lib/gcc/arm-none-eabi/8.2.1/../../../../arm-none-eabi/lib/thumb/v6-m/nofp/libcr_c.a(__init_alloc.o)
                0x000000001ffff540                __heaps
 .bss.errno     0x000000001ffff544        0x4 /usr/local/mcuxpressoide-11.0.1_2563/ide/plugins/com.nxp.mcuxpresso.tools.linux_11.0.1.201907311258/tools/bin/../lib/gcc/arm-none-eabi/8.2.1/../../../../arm-none-eabi/lib/thumb/v6-m/nofp/libcr_c.a(errno.o)
                0x000000001ffff544                errno
 *(SORT_BY_ALIGNMENT(COMMON))
                0x000000001ffff548                . = ALIGN (0x4)
                0x000000001ffff548                _ebss = .
                [!provide]                        PROVIDE (end = .)

.noinit         0x000000001ffff548        0x0 load address 0x0000000000004050
                0x000000001ffff548                . = ALIGN (0x4)
                0x000000001ffff548                _noinit = .
 *(SORT_BY_ALIGNMENT(.noinit*))
                0x000000001ffff548                . = ALIGN (0x4)
                0x000000001ffff548                _end_noinit = .
                0x0000000000000400                _HeapSize = 0x400

.heap           0x000000001ffff548      0x400 load address 0x0000000000004050
                0x000000001ffff548                _pvHeapStart = .
                0x000000001ffff948                . = (. + _HeapSize)
 *fill*         0x000000001ffff548      0x400 
                0x000000001ffff948                . = ALIGN (0x4)
                0x000000001ffff948                _pvHeapLimit = .
                0x0000000000000400                _StackSize = 0x400

.heap2stackfill
                0x000000001ffff948      0x400 load address 0x0000000000004050
                0x000000001ffffd48                . = (. + _StackSize)
 *fill*         0x000000001ffff948      0x400 

.stack          0x0000000020002c00        0x0
                0x0000000020002c00                _vStackBase = .
                0x0000000020002c00                . = ALIGN (0x4)
                0x0000000020003000                _vStackTop = (. + _StackSize)
                0x0000000000000000                _image_start = LOADADDR (.text)
                0x0000000000004050                _image_end = (LOADADDR (.data) + SIZEOF (.data))
                0x0000000000004050                _image_size = (_image_end - _image_start)
OUTPUT(frdmkl25z_driver_examples_lpsci_interrupt.axf elf32-littlearm)

.debug_info     0x0000000000000000     0x8b5e
 .debug_info    0x0000000000000000      0x4db ./startup/startup_mkl25z4.o
 .debug_info    0x00000000000004db     0x1a08 ./source/unity/unity.o
 .debug_info    0x0000000000001ee3     0x1133 ./source/test/ringbufferTest.o
 .debug_info    0x0000000000003016      0x317 ./source/RingBuffer.o
 .debug_info    0x000000000000332d       0x4f ./source/mtb.o
 .debug_info    0x000000000000337c       0x38 ./source/semihost_hardfault.o
 .debug_info    0x00000000000033b4     0x1a93 ./drivers/fsl_clock.o
 .debug_info    0x0000000000004e47     0x1465 ./drivers/fsl_lpsci.o
 .debug_info    0x00000000000062ac     0x1406 ./drivers/fsl_uart.o
 .debug_info    0x00000000000076b2      0xaea ./board/clock_config.o
 .debug_info    0x000000000000819c      0x58d ./board/pin_mux.o
 .debug_info    0x0000000000008729      0x435 ./CMSIS/system_MKL25Z4.o

.debug_abbrev   0x0000000000000000     0x18a0
 .debug_abbrev  0x0000000000000000      0x18a ./startup/startup_mkl25z4.o
 .debug_abbrev  0x000000000000018a      0x375 ./source/unity/unity.o
 .debug_abbrev  0x00000000000004ff      0x313 ./source/test/ringbufferTest.o
 .debug_abbrev  0x0000000000000812      0x163 ./source/RingBuffer.o
 .debug_abbrev  0x0000000000000975       0x43 ./source/mtb.o
 .debug_abbrev  0x00000000000009b8       0x2e ./source/semihost_hardfault.o
 .debug_abbrev  0x00000000000009e6      0x36c ./drivers/fsl_clock.o
 .debug_abbrev  0x0000000000000d52      0x306 ./drivers/fsl_lpsci.o
 .debug_abbrev  0x0000000000001058      0x320 ./drivers/fsl_uart.o
 .debug_abbrev  0x0000000000001378      0x21d ./board/clock_config.o
 .debug_abbrev  0x0000000000001595      0x1b8 ./board/pin_mux.o
 .debug_abbrev  0x000000000000174d      0x153 ./CMSIS/system_MKL25Z4.o

.debug_aranges  0x0000000000000000      0x8b8
 .debug_aranges
                0x0000000000000000      0x160 ./startup/startup_mkl25z4.o
 .debug_aranges
                0x0000000000000160      0x168 ./source/unity/unity.o
 .debug_aranges
                0x00000000000002c8       0x98 ./source/test/ringbufferTest.o
 .debug_aranges
                0x0000000000000360       0x58 ./source/RingBuffer.o
 .debug_aranges
                0x00000000000003b8       0x18 ./source/mtb.o
 .debug_aranges
                0x00000000000003d0       0x20 ./source/semihost_hardfault.o
 .debug_aranges
                0x00000000000003f0      0x1d8 ./drivers/fsl_clock.o
 .debug_aranges
                0x00000000000005c8      0x118 ./drivers/fsl_lpsci.o
 .debug_aranges
                0x00000000000006e0      0x130 ./drivers/fsl_uart.o
 .debug_aranges
                0x0000000000000810       0x50 ./board/clock_config.o
 .debug_aranges
                0x0000000000000860       0x30 ./board/pin_mux.o
 .debug_aranges
                0x0000000000000890       0x28 ./CMSIS/system_MKL25Z4.o

.debug_ranges   0x0000000000000000      0x810
 .debug_ranges  0x0000000000000000      0x150 ./startup/startup_mkl25z4.o
 .debug_ranges  0x0000000000000150      0x178 ./source/unity/unity.o
 .debug_ranges  0x00000000000002c8       0x88 ./source/test/ringbufferTest.o
 .debug_ranges  0x0000000000000350       0x48 ./source/RingBuffer.o
 .debug_ranges  0x0000000000000398       0x10 ./source/semihost_hardfault.o
 .debug_ranges  0x00000000000003a8      0x1c8 ./drivers/fsl_clock.o
 .debug_ranges  0x0000000000000570      0x108 ./drivers/fsl_lpsci.o
 .debug_ranges  0x0000000000000678      0x120 ./drivers/fsl_uart.o
 .debug_ranges  0x0000000000000798       0x40 ./board/clock_config.o
 .debug_ranges  0x00000000000007d8       0x20 ./board/pin_mux.o
 .debug_ranges  0x00000000000007f8       0x18 ./CMSIS/system_MKL25Z4.o

.debug_line     0x0000000000000000     0x4f71
 .debug_line    0x0000000000000000      0x1e7 ./startup/startup_mkl25z4.o
 .debug_line    0x00000000000001e7     0x11ed ./source/unity/unity.o
 .debug_line    0x00000000000013d4      0x5cc ./source/test/ringbufferTest.o
 .debug_line    0x00000000000019a0      0x2c8 ./source/RingBuffer.o
 .debug_line    0x0000000000001c68       0x30 ./source/mtb.o
 .debug_line    0x0000000000001c98       0x5a ./source/semihost_hardfault.o
 .debug_line    0x0000000000001cf2     0x120c ./drivers/fsl_clock.o
 .debug_line    0x0000000000002efe      0xc90 ./drivers/fsl_lpsci.o
 .debug_line    0x0000000000003b8e      0xc7f ./drivers/fsl_uart.o
 .debug_line    0x000000000000480d      0x2a5 ./board/clock_config.o
 .debug_line    0x0000000000004ab2      0x20f ./board/pin_mux.o
 .debug_line    0x0000000000004cc1      0x2b0 ./CMSIS/system_MKL25Z4.o

.debug_str      0x0000000000000000     0x4367
 .debug_str     0x0000000000000000      0x4e8 ./startup/startup_mkl25z4.o
                                        0x4fb (size before relaxing)
 .debug_str     0x00000000000004e8     0x10f1 ./source/unity/unity.o
                                       0x12a0 (size before relaxing)
 .debug_str     0x00000000000015d9      0x7e0 ./source/test/ringbufferTest.o
                                       0x11bf (size before relaxing)
 .debug_str     0x0000000000001db9       0xa9 ./source/RingBuffer.o
                                        0x2de (size before relaxing)
 .debug_str     0x0000000000001e62       0x1f ./source/mtb.o
                                        0x185 (size before relaxing)
 .debug_str     0x0000000000001e81       0x1f ./source/semihost_hardfault.o
                                        0x185 (size before relaxing)
 .debug_str     0x0000000000001ea0      0xc99 ./drivers/fsl_clock.o
                                       0x1826 (size before relaxing)
 .debug_str     0x0000000000002b39      0xb82 ./drivers/fsl_lpsci.o
                                       0x15ee (size before relaxing)
 .debug_str     0x00000000000036bb      0x8e6 ./drivers/fsl_uart.o
                                       0x15fa (size before relaxing)
 .debug_str     0x0000000000003fa1      0x222 ./board/clock_config.o
                                        0xdf8 (size before relaxing)
 .debug_str     0x00000000000041c3      0x155 ./board/pin_mux.o
                                        0x603 (size before relaxing)
 .debug_str     0x0000000000004318       0x4f ./CMSIS/system_MKL25Z4.o
                                        0x367 (size before relaxing)

.comment        0x0000000000000000       0x75
 .comment       0x0000000000000000       0x75 ./startup/startup_mkl25z4.o
                                         0x76 (size before relaxing)
 .comment       0x0000000000000075       0x76 ./source/unity/unity.o
 .comment       0x0000000000000075       0x76 ./source/test/ringbufferTest.o
 .comment       0x0000000000000075       0x76 ./source/RingBuffer.o
 .comment       0x0000000000000075       0x76 ./source/mtb.o
 .comment       0x0000000000000075       0x76 ./source/semihost_hardfault.o
 .comment       0x0000000000000075       0x76 ./drivers/fsl_clock.o
 .comment       0x0000000000000075       0x76 ./drivers/fsl_lpsci.o
 .comment       0x0000000000000075       0x76 ./drivers/fsl_uart.o
 .comment       0x0000000000000075       0x76 ./board/clock_config.o
 .comment       0x0000000000000075       0x76 ./board/pin_mux.o
 .comment       0x0000000000000075       0x76 ./CMSIS/system_MKL25Z4.o
 .comment       0x0000000000000075       0x76 /usr/local/mcuxpressoide-11.0.1_2563/ide/plugins/com.nxp.mcuxpresso.tools.linux_11.0.1.201907311258/tools/bin/../lib/gcc/arm-none-eabi/8.2.1/../../../../arm-none-eabi/lib/thumb/v6-m/nofp/libcr_semihost_nf.a(_cr__main.o)
 .comment       0x0000000000000075       0x76 /usr/local/mcuxpressoide-11.0.1_2563/ide/plugins/com.nxp.mcuxpresso.tools.linux_11.0.1.201907311258/tools/bin/../lib/gcc/arm-none-eabi/8.2.1/../../../../arm-none-eabi/lib/thumb/v6-m/nofp/libcr_semihost_nf.a(_cr_assert.o)
 .comment       0x0000000000000075       0x76 /usr/local/mcuxpressoide-11.0.1_2563/ide/plugins/com.nxp.mcuxpresso.tools.linux_11.0.1.201907311258/tools/bin/../lib/gcc/arm-none-eabi/8.2.1/../../../../arm-none-eabi/lib/thumb/v6-m/nofp/libcr_semihost_nf.a(__ciob.o)
 .comment       0x0000000000000075       0x76 /usr/local/mcuxpressoide-11.0.1_2563/ide/plugins/com.nxp.mcuxpresso.tools.linux_11.0.1.201907311258/tools/bin/../lib/gcc/arm-none-eabi/8.2.1/../../../../arm-none-eabi/lib/thumb/v6-m/nofp/libcr_c.a(memset.o)
 .comment       0x0000000000000075       0x76 /usr/local/mcuxpressoide-11.0.1_2563/ide/plugins/com.nxp.mcuxpresso.tools.linux_11.0.1.201907311258/tools/bin/../lib/gcc/arm-none-eabi/8.2.1/../../../../arm-none-eabi/lib/thumb/v6-m/nofp/libcr_c.a(_deferredlazyseek.o)
 .comment       0x0000000000000075       0x76 /usr/local/mcuxpressoide-11.0.1_2563/ide/plugins/com.nxp.mcuxpresso.tools.linux_11.0.1.201907311258/tools/bin/../lib/gcc/arm-none-eabi/8.2.1/../../../../arm-none-eabi/lib/thumb/v6-m/nofp/libcr_c.a(_fflush.o)
 .comment       0x0000000000000075       0x76 /usr/local/mcuxpressoide-11.0.1_2563/ide/plugins/com.nxp.mcuxpresso.tools.linux_11.0.1.201907311258/tools/bin/../lib/gcc/arm-none-eabi/8.2.1/../../../../arm-none-eabi/lib/thumb/v6-m/nofp/libcr_c.a(_writebuf.o)
 .comment       0x0000000000000075       0x76 /usr/local/mcuxpressoide-11.0.1_2563/ide/plugins/com.nxp.mcuxpresso.tools.linux_11.0.1.201907311258/tools/bin/../lib/gcc/arm-none-eabi/8.2.1/../../../../arm-none-eabi/lib/thumb/v6-m/nofp/libcr_c.a(alloc.o)
 .comment       0x0000000000000075       0x76 /usr/local/mcuxpressoide-11.0.1_2563/ide/plugins/com.nxp.mcuxpresso.tools.linux_11.0.1.201907311258/tools/bin/../lib/gcc/arm-none-eabi/8.2.1/../../../../arm-none-eabi/lib/thumb/v6-m/nofp/libcr_c.a(fputs.o)
 .comment       0x0000000000000075       0x76 /usr/local/mcuxpressoide-11.0.1_2563/ide/plugins/com.nxp.mcuxpresso.tools.linux_11.0.1.201907311258/tools/bin/../lib/gcc/arm-none-eabi/8.2.1/../../../../arm-none-eabi/lib/thumb/v6-m/nofp/libcr_c.a(fseek.o)
 .comment       0x0000000000000075       0x76 /usr/local/mcuxpressoide-11.0.1_2563/ide/plugins/com.nxp.mcuxpresso.tools.linux_11.0.1.201907311258/tools/bin/../lib/gcc/arm-none-eabi/8.2.1/../../../../arm-none-eabi/lib/thumb/v6-m/nofp/libcr_c.a(ftell.o)
 .comment       0x0000000000000075       0x76 /usr/local/mcuxpressoide-11.0.1_2563/ide/plugins/com.nxp.mcuxpresso.tools.linux_11.0.1.201907311258/tools/bin/../lib/gcc/arm-none-eabi/8.2.1/../../../../arm-none-eabi/lib/thumb/v6-m/nofp/libcr_c.a(initio.o)
 .comment       0x0000000000000075       0x76 /usr/local/mcuxpressoide-11.0.1_2563/ide/plugins/com.nxp.mcuxpresso.tools.linux_11.0.1.201907311258/tools/bin/../lib/gcc/arm-none-eabi/8.2.1/../../../../arm-none-eabi/lib/thumb/v6-m/nofp/libcr_c.a(setvbuf.o)
 .comment       0x0000000000000075       0x76 /usr/local/mcuxpressoide-11.0.1_2563/ide/plugins/com.nxp.mcuxpresso.tools.linux_11.0.1.201907311258/tools/bin/../lib/gcc/arm-none-eabi/8.2.1/../../../../arm-none-eabi/lib/thumb/v6-m/nofp/libcr_c.a(stdlib.o)
 .comment       0x0000000000000075       0x76 /usr/local/mcuxpressoide-11.0.1_2563/ide/plugins/com.nxp.mcuxpresso.tools.linux_11.0.1.201907311258/tools/bin/../lib/gcc/arm-none-eabi/8.2.1/../../../../arm-none-eabi/lib/thumb/v6-m/nofp/libcr_c.a(__init_alloc.o)
 .comment       0x0000000000000075       0x76 /usr/local/mcuxpressoide-11.0.1_2563/ide/plugins/com.nxp.mcuxpresso.tools.linux_11.0.1.201907311258/tools/bin/../lib/gcc/arm-none-eabi/8.2.1/../../../../arm-none-eabi/lib/thumb/v6-m/nofp/libcr_c.a(_cr_sbrk.o)
 .comment       0x0000000000000075       0x76 /usr/local/mcuxpressoide-11.0.1_2563/ide/plugins/com.nxp.mcuxpresso.tools.linux_11.0.1.201907311258/tools/bin/../lib/gcc/arm-none-eabi/8.2.1/../../../../arm-none-eabi/lib/thumb/v6-m/nofp/libcr_c.a(_fdopen.o)
 .comment       0x0000000000000075       0x76 /usr/local/mcuxpressoide-11.0.1_2563/ide/plugins/com.nxp.mcuxpresso.tools.linux_11.0.1.201907311258/tools/bin/../lib/gcc/arm-none-eabi/8.2.1/../../../../arm-none-eabi/lib/thumb/v6-m/nofp/libcr_c.a(errno.o)
 .comment       0x0000000000000075       0x76 /usr/local/mcuxpressoide-11.0.1_2563/ide/plugins/com.nxp.mcuxpresso.tools.linux_11.0.1.201907311258/tools/bin/../lib/gcc/arm-none-eabi/8.2.1/../../../../arm-none-eabi/lib/thumb/v6-m/nofp/libcr_c.a(fclose.o)
 .comment       0x0000000000000075       0x76 /usr/local/mcuxpressoide-11.0.1_2563/ide/plugins/com.nxp.mcuxpresso.tools.linux_11.0.1.201907311258/tools/bin/../lib/gcc/arm-none-eabi/8.2.1/../../../../arm-none-eabi/lib/thumb/v6-m/nofp/libcr_c.a(fflush.o)
 .comment       0x0000000000000075       0x76 /usr/local/mcuxpressoide-11.0.1_2563/ide/plugins/com.nxp.mcuxpresso.tools.linux_11.0.1.201907311258/tools/bin/../lib/gcc/arm-none-eabi/8.2.1/../../../../arm-none-eabi/lib/thumb/v6-m/nofp/libcr_c.a(remove.o)
 .comment       0x0000000000000075       0x76 /usr/local/mcuxpressoide-11.0.1_2563/ide/plugins/com.nxp.mcuxpresso.tools.linux_11.0.1.201907311258/tools/bin/../lib/gcc/arm-none-eabi/8.2.1/../../../../arm-none-eabi/lib/thumb/v6-m/nofp/libcr_c.a(strlen.o)
 .comment       0x0000000000000075       0x76 /usr/local/mcuxpressoide-11.0.1_2563/ide/plugins/com.nxp.mcuxpresso.tools.linux_11.0.1.201907311258/tools/bin/../lib/gcc/arm-none-eabi/8.2.1/../../../../arm-none-eabi/lib/thumb/v6-m/nofp/libcr_c.a(_cr_check_heap.o)
 .comment       0x0000000000000075       0x76 /usr/local/mcuxpressoide-11.0.1_2563/ide/plugins/com.nxp.mcuxpresso.tools.linux_11.0.1.201907311258/tools/bin/../lib/gcc/arm-none-eabi/8.2.1/../../../../arm-none-eabi/lib/thumb/v6-m/nofp/libcr_c.a(_do_fflush.o)

.ARM.attributes
                0x0000000000000000       0x2a
 .ARM.attributes
                0x0000000000000000       0x2c ./startup/startup_mkl25z4.o
 .ARM.attributes
                0x000000000000002c       0x2c ./source/unity/unity.o
 .ARM.attributes
                0x0000000000000058       0x2c ./source/test/ringbufferTest.o
 .ARM.attributes
                0x0000000000000084       0x2c ./source/RingBuffer.o
 .ARM.attributes
                0x00000000000000b0       0x32 ./source/mtb.o
 .ARM.attributes
                0x00000000000000e2       0x2c ./source/semihost_hardfault.o
 .ARM.attributes
                0x000000000000010e       0x2c ./drivers/fsl_clock.o
 .ARM.attributes
                0x000000000000013a       0x2c ./drivers/fsl_lpsci.o
 .ARM.attributes
                0x0000000000000166       0x2c ./drivers/fsl_uart.o
 .ARM.attributes
                0x0000000000000192       0x2c ./board/clock_config.o
 .ARM.attributes
                0x00000000000001be       0x2c ./board/pin_mux.o
 .ARM.attributes
                0x00000000000001ea       0x2c ./CMSIS/system_MKL25Z4.o
 .ARM.attributes
                0x0000000000000216       0x2c /usr/local/mcuxpressoide-11.0.1_2563/ide/plugins/com.nxp.mcuxpresso.tools.linux_11.0.1.201907311258/tools/bin/../lib/gcc/arm-none-eabi/8.2.1/../../../../arm-none-eabi/lib/thumb/v6-m/nofp/libcr_semihost_nf.a(_cr__main.o)
 .ARM.attributes
                0x0000000000000242       0x2c /usr/local/mcuxpressoide-11.0.1_2563/ide/plugins/com.nxp.mcuxpresso.tools.linux_11.0.1.201907311258/tools/bin/../lib/gcc/arm-none-eabi/8.2.1/../../../../arm-none-eabi/lib/thumb/v6-m/nofp/libcr_semihost_nf.a(_cr_assert.o)
 .ARM.attributes
                0x000000000000026e       0x31 /usr/local/mcuxpressoide-11.0.1_2563/ide/plugins/com.nxp.mcuxpresso.tools.linux_11.0.1.201907311258/tools/bin/../lib/gcc/arm-none-eabi/8.2.1/../../../../arm-none-eabi/lib/thumb/v6-m/nofp/libcr_semihost_nf.a(__ciob.o)
 .ARM.attributes
                0x000000000000029f       0x1c /usr/local/mcuxpressoide-11.0.1_2563/ide/plugins/com.nxp.mcuxpresso.tools.linux_11.0.1.201907311258/tools/bin/../lib/gcc/arm-none-eabi/8.2.1/../../../../arm-none-eabi/lib/thumb/v6-m/nofp/libcr_semihost_nf.a(__sys_appexit.o)
 .ARM.attributes
                0x00000000000002bb       0x2c /usr/local/mcuxpressoide-11.0.1_2563/ide/plugins/com.nxp.mcuxpresso.tools.linux_11.0.1.201907311258/tools/bin/../lib/gcc/arm-none-eabi/8.2.1/../../../../arm-none-eabi/lib/thumb/v6-m/nofp/libcr_c.a(memset.o)
 .ARM.attributes
                0x00000000000002e7       0x2c /usr/local/mcuxpressoide-11.0.1_2563/ide/plugins/com.nxp.mcuxpresso.tools.linux_11.0.1.201907311258/tools/bin/../lib/gcc/arm-none-eabi/8.2.1/../../../../arm-none-eabi/lib/thumb/v6-m/nofp/libcr_c.a(_deferredlazyseek.o)
 .ARM.attributes
                0x0000000000000313       0x2c /usr/local/mcuxpressoide-11.0.1_2563/ide/plugins/com.nxp.mcuxpresso.tools.linux_11.0.1.201907311258/tools/bin/../lib/gcc/arm-none-eabi/8.2.1/../../../../arm-none-eabi/lib/thumb/v6-m/nofp/libcr_c.a(_fflush.o)
 .ARM.attributes
                0x000000000000033f       0x2c /usr/local/mcuxpressoide-11.0.1_2563/ide/plugins/com.nxp.mcuxpresso.tools.linux_11.0.1.201907311258/tools/bin/../lib/gcc/arm-none-eabi/8.2.1/../../../../arm-none-eabi/lib/thumb/v6-m/nofp/libcr_c.a(_writebuf.o)
 .ARM.attributes
                0x000000000000036b       0x2c /usr/local/mcuxpressoide-11.0.1_2563/ide/plugins/com.nxp.mcuxpresso.tools.linux_11.0.1.201907311258/tools/bin/../lib/gcc/arm-none-eabi/8.2.1/../../../../arm-none-eabi/lib/thumb/v6-m/nofp/libcr_c.a(alloc.o)
 .ARM.attributes
                0x0000000000000397       0x2c /usr/local/mcuxpressoide-11.0.1_2563/ide/plugins/com.nxp.mcuxpresso.tools.linux_11.0.1.201907311258/tools/bin/../lib/gcc/arm-none-eabi/8.2.1/../../../../arm-none-eabi/lib/thumb/v6-m/nofp/libcr_c.a(fputs.o)
 .ARM.attributes
                0x00000000000003c3       0x2c /usr/local/mcuxpressoide-11.0.1_2563/ide/plugins/com.nxp.mcuxpresso.tools.linux_11.0.1.201907311258/tools/bin/../lib/gcc/arm-none-eabi/8.2.1/../../../../arm-none-eabi/lib/thumb/v6-m/nofp/libcr_c.a(fseek.o)
 .ARM.attributes
                0x00000000000003ef       0x2c /usr/local/mcuxpressoide-11.0.1_2563/ide/plugins/com.nxp.mcuxpresso.tools.linux_11.0.1.201907311258/tools/bin/../lib/gcc/arm-none-eabi/8.2.1/../../../../arm-none-eabi/lib/thumb/v6-m/nofp/libcr_c.a(ftell.o)
 .ARM.attributes
                0x000000000000041b       0x2c /usr/local/mcuxpressoide-11.0.1_2563/ide/plugins/com.nxp.mcuxpresso.tools.linux_11.0.1.201907311258/tools/bin/../lib/gcc/arm-none-eabi/8.2.1/../../../../arm-none-eabi/lib/thumb/v6-m/nofp/libcr_c.a(initio.o)
 .ARM.attributes
                0x0000000000000447       0x1c /usr/local/mcuxpressoide-11.0.1_2563/ide/plugins/com.nxp.mcuxpresso.tools.linux_11.0.1.201907311258/tools/bin/../lib/gcc/arm-none-eabi/8.2.1/../../../../arm-none-eabi/lib/thumb/v6-m/nofp/libcr_c.a(longjmp.o)
 .ARM.attributes
                0x0000000000000463       0x1c /usr/local/mcuxpressoide-11.0.1_2563/ide/plugins/com.nxp.mcuxpresso.tools.linux_11.0.1.201907311258/tools/bin/../lib/gcc/arm-none-eabi/8.2.1/../../../../arm-none-eabi/lib/thumb/v6-m/nofp/libcr_c.a(setjmp.o)
 .ARM.attributes
                0x000000000000047f       0x2c /usr/local/mcuxpressoide-11.0.1_2563/ide/plugins/com.nxp.mcuxpresso.tools.linux_11.0.1.201907311258/tools/bin/../lib/gcc/arm-none-eabi/8.2.1/../../../../arm-none-eabi/lib/thumb/v6-m/nofp/libcr_c.a(setvbuf.o)
 .ARM.attributes
                0x00000000000004ab       0x2c /usr/local/mcuxpressoide-11.0.1_2563/ide/plugins/com.nxp.mcuxpresso.tools.linux_11.0.1.201907311258/tools/bin/../lib/gcc/arm-none-eabi/8.2.1/../../../../arm-none-eabi/lib/thumb/v6-m/nofp/libcr_c.a(stdlib.o)
 .ARM.attributes
                0x00000000000004d7       0x2c /usr/local/mcuxpressoide-11.0.1_2563/ide/plugins/com.nxp.mcuxpresso.tools.linux_11.0.1.201907311258/tools/bin/../lib/gcc/arm-none-eabi/8.2.1/../../../../arm-none-eabi/lib/thumb/v6-m/nofp/libcr_c.a(__init_alloc.o)
 .ARM.attributes
                0x0000000000000503       0x2c /usr/local/mcuxpressoide-11.0.1_2563/ide/plugins/com.nxp.mcuxpresso.tools.linux_11.0.1.201907311258/tools/bin/../lib/gcc/arm-none-eabi/8.2.1/../../../../arm-none-eabi/lib/thumb/v6-m/nofp/libcr_c.a(_cr_sbrk.o)
 .ARM.attributes
                0x000000000000052f       0x2c /usr/local/mcuxpressoide-11.0.1_2563/ide/plugins/com.nxp.mcuxpresso.tools.linux_11.0.1.201907311258/tools/bin/../lib/gcc/arm-none-eabi/8.2.1/../../../../arm-none-eabi/lib/thumb/v6-m/nofp/libcr_c.a(_fdopen.o)
 .ARM.attributes
                0x000000000000055b       0x31 /usr/local/mcuxpressoide-11.0.1_2563/ide/plugins/com.nxp.mcuxpresso.tools.linux_11.0.1.201907311258/tools/bin/../lib/gcc/arm-none-eabi/8.2.1/../../../../arm-none-eabi/lib/thumb/v6-m/nofp/libcr_c.a(errno.o)
 .ARM.attributes
                0x000000000000058c       0x2c /usr/local/mcuxpressoide-11.0.1_2563/ide/plugins/com.nxp.mcuxpresso.tools.linux_11.0.1.201907311258/tools/bin/../lib/gcc/arm-none-eabi/8.2.1/../../../../arm-none-eabi/lib/thumb/v6-m/nofp/libcr_c.a(fclose.o)
 .ARM.attributes
                0x00000000000005b8       0x2c /usr/local/mcuxpressoide-11.0.1_2563/ide/plugins/com.nxp.mcuxpresso.tools.linux_11.0.1.201907311258/tools/bin/../lib/gcc/arm-none-eabi/8.2.1/../../../../arm-none-eabi/lib/thumb/v6-m/nofp/libcr_c.a(fflush.o)
 .ARM.attributes
                0x00000000000005e4       0x2c /usr/local/mcuxpressoide-11.0.1_2563/ide/plugins/com.nxp.mcuxpresso.tools.linux_11.0.1.201907311258/tools/bin/../lib/gcc/arm-none-eabi/8.2.1/../../../../arm-none-eabi/lib/thumb/v6-m/nofp/libcr_c.a(remove.o)
 .ARM.attributes
                0x0000000000000610       0x2c /usr/local/mcuxpressoide-11.0.1_2563/ide/plugins/com.nxp.mcuxpresso.tools.linux_11.0.1.201907311258/tools/bin/../lib/gcc/arm-none-eabi/8.2.1/../../../../arm-none-eabi/lib/thumb/v6-m/nofp/libcr_c.a(strlen.o)
 .ARM.attributes
                0x000000000000063c       0x2c /usr/local/mcuxpressoide-11.0.1_2563/ide/plugins/com.nxp.mcuxpresso.tools.linux_11.0.1.201907311258/tools/bin/../lib/gcc/arm-none-eabi/8.2.1/../../../../arm-none-eabi/lib/thumb/v6-m/nofp/libcr_c.a(_cr_check_heap.o)
 .ARM.attributes
                0x0000000000000668       0x2c /usr/local/mcuxpressoide-11.0.1_2563/ide/plugins/com.nxp.mcuxpresso.tools.linux_11.0.1.201907311258/tools/bin/../lib/gcc/arm-none-eabi/8.2.1/../../../../arm-none-eabi/lib/thumb/v6-m/nofp/libcr_c.a(_do_fflush.o)
 .ARM.attributes
                0x0000000000000694       0x1c /usr/local/mcuxpressoide-11.0.1_2563/ide/plugins/com.nxp.mcuxpresso.tools.linux_11.0.1.201907311258/tools/bin/../lib/gcc/arm-none-eabi/8.2.1/thumb/v6-m/nofp/libcr_eabihelpers.a(division_32.o)
 .ARM.attributes
                0x00000000000006b0       0x1c /usr/local/mcuxpressoide-11.0.1_2563/ide/plugins/com.nxp.mcuxpresso.tools.linux_11.0.1.201907311258/tools/bin/../lib/gcc/arm-none-eabi/8.2.1/thumb/v6-m/nofp/libcr_eabihelpers.a(division_idiv0.o)
 .ARM.attributes
                0x00000000000006cc       0x1c /usr/local/mcuxpressoide-11.0.1_2563/ide/plugins/com.nxp.mcuxpresso.tools.linux_11.0.1.201907311258/tools/bin/../lib/gcc/arm-none-eabi/8.2.1/thumb/v6-m/nofp/libcr_eabihelpers.a(memcpy.o)
 .ARM.attributes
                0x00000000000006e8       0x1c /usr/local/mcuxpressoide-11.0.1_2563/ide/plugins/com.nxp.mcuxpresso.tools.linux_11.0.1.201907311258/tools/bin/../lib/gcc/arm-none-eabi/8.2.1/../../../../arm-none-eabi/lib/thumb/v6-m/nofp/libcr_semihost_nf.a(__sys_close.o)
 .ARM.attributes
                0x0000000000000704       0x1c /usr/local/mcuxpressoide-11.0.1_2563/ide/plugins/com.nxp.mcuxpresso.tools.linux_11.0.1.201907311258/tools/bin/../lib/gcc/arm-none-eabi/8.2.1/../../../../arm-none-eabi/lib/thumb/v6-m/nofp/libcr_semihost_nf.a(__sys_flen.o)
 .ARM.attributes
                0x0000000000000720       0x1c /usr/local/mcuxpressoide-11.0.1_2563/ide/plugins/com.nxp.mcuxpresso.tools.linux_11.0.1.201907311258/tools/bin/../lib/gcc/arm-none-eabi/8.2.1/../../../../arm-none-eabi/lib/thumb/v6-m/nofp/libcr_semihost_nf.a(__sys_istty.o)
 .ARM.attributes
                0x000000000000073c       0x1c /usr/local/mcuxpressoide-11.0.1_2563/ide/plugins/com.nxp.mcuxpresso.tools.linux_11.0.1.201907311258/tools/bin/../lib/gcc/arm-none-eabi/8.2.1/../../../../arm-none-eabi/lib/thumb/v6-m/nofp/libcr_semihost_nf.a(__sys_remove.o)
 .ARM.attributes
                0x0000000000000758       0x1c /usr/local/mcuxpressoide-11.0.1_2563/ide/plugins/com.nxp.mcuxpresso.tools.linux_11.0.1.201907311258/tools/bin/../lib/gcc/arm-none-eabi/8.2.1/../../../../arm-none-eabi/lib/thumb/v6-m/nofp/libcr_semihost_nf.a(__sys_seek.o)
 .ARM.attributes
                0x0000000000000774       0x1c /usr/local/mcuxpressoide-11.0.1_2563/ide/plugins/com.nxp.mcuxpresso.tools.linux_11.0.1.201907311258/tools/bin/../lib/gcc/arm-none-eabi/8.2.1/../../../../arm-none-eabi/lib/thumb/v6-m/nofp/libcr_semihost_nf.a(__sys_tmpnam.o)
 .ARM.attributes
                0x0000000000000790       0x1c /usr/local/mcuxpressoide-11.0.1_2563/ide/plugins/com.nxp.mcuxpresso.tools.linux_11.0.1.201907311258/tools/bin/../lib/gcc/arm-none-eabi/8.2.1/../../../../arm-none-eabi/lib/thumb/v6-m/nofp/libcr_semihost_nf.a(__sys_write.o)

.debug_frame    0x0000000000000000     0x1d50
 .debug_frame   0x0000000000000000      0x3b0 ./startup/startup_mkl25z4.o
 .debug_frame   0x00000000000003b0      0x550 ./source/unity/unity.o
 .debug_frame   0x0000000000000900      0x224 ./source/test/ringbufferTest.o
 .debug_frame   0x0000000000000b24      0x110 ./source/RingBuffer.o
 .debug_frame   0x0000000000000c34       0x20 ./source/semihost_hardfault.o
 .debug_frame   0x0000000000000c54      0x6e0 ./drivers/fsl_clock.o
 .debug_frame   0x0000000000001334      0x418 ./drivers/fsl_lpsci.o
 .debug_frame   0x000000000000174c      0x468 ./drivers/fsl_uart.o
 .debug_frame   0x0000000000001bb4       0xe4 ./board/clock_config.o
 .debug_frame   0x0000000000001c98       0x6c ./board/pin_mux.o
 .debug_frame   0x0000000000001d04       0x4c ./CMSIS/system_MKL25Z4.o

Cross Reference Table

Symbol                                            File
ADC0_DriverIRQHandler                             ./startup/startup_mkl25z4.o
ADC0_IRQHandler                                   ./startup/startup_mkl25z4.o
BOARD_BootClockRUN                                ./board/clock_config.o
                                                  ./source/test/ringbufferTest.o
BOARD_BootClockVLPR                               ./board/clock_config.o
BOARD_InitDebugConsole                            ./board/board.o
BOARD_InitPins                                    ./board/pin_mux.o
                                                  ./source/test/ringbufferTest.o
CLOCK_BootToBlpeMode                              ./drivers/fsl_clock.o
CLOCK_BootToBlpiMode                              ./drivers/fsl_clock.o
                                                  ./board/clock_config.o
CLOCK_BootToFeeMode                               ./drivers/fsl_clock.o
CLOCK_BootToFeiMode                               ./drivers/fsl_clock.o
CLOCK_BootToPeeMode                               ./drivers/fsl_clock.o
                                                  ./board/clock_config.o
CLOCK_CalcPllDiv                                  ./drivers/fsl_clock.o
CLOCK_ClearStatusFlags                            ./drivers/fsl_clock.o
CLOCK_DeinitOsc0                                  ./drivers/fsl_clock.o
CLOCK_EnablePll0                                  ./drivers/fsl_clock.o
CLOCK_EnableUsbfs0Clock                           ./drivers/fsl_clock.o
CLOCK_ExternalModeToFbeModeQuick                  ./drivers/fsl_clock.o
CLOCK_FllStableDelay                              ./drivers/fsl_clock.o
CLOCK_GetBusClkFreq                               ./drivers/fsl_clock.o
CLOCK_GetCoreSysClkFreq                           ./drivers/fsl_clock.o
CLOCK_GetEr32kClkFreq                             ./drivers/fsl_clock.o
CLOCK_GetFixedFreqClkFreq                         ./drivers/fsl_clock.o
CLOCK_GetFlashClkFreq                             ./drivers/fsl_clock.o
CLOCK_GetFllFreq                                  ./drivers/fsl_clock.o
CLOCK_GetFreq                                     ./drivers/fsl_clock.o
                                                  ./source/test/ringbufferTest.o
CLOCK_GetInternalRefClkFreq                       ./drivers/fsl_clock.o
CLOCK_GetMode                                     ./drivers/fsl_clock.o
CLOCK_GetOsc0ErClkFreq                            ./drivers/fsl_clock.o
CLOCK_GetOutClkFreq                               ./drivers/fsl_clock.o
CLOCK_GetPlatClkFreq                              ./drivers/fsl_clock.o
CLOCK_GetPll0Freq                                 ./drivers/fsl_clock.o
CLOCK_GetPllFllSelClkFreq                         ./drivers/fsl_clock.o
                                                  ./board/board.o
CLOCK_GetStatusFlags                              ./drivers/fsl_clock.o
CLOCK_InitOsc0                                    ./drivers/fsl_clock.o
                                                  ./board/clock_config.o
CLOCK_InternalModeToFbiModeQuick                  ./drivers/fsl_clock.o
CLOCK_SetBlpeMode                                 ./drivers/fsl_clock.o
CLOCK_SetBlpiMode                                 ./drivers/fsl_clock.o
CLOCK_SetExternalRefClkConfig                     ./drivers/fsl_clock.o
CLOCK_SetFbeMode                                  ./drivers/fsl_clock.o
CLOCK_SetFbiMode                                  ./drivers/fsl_clock.o
CLOCK_SetFeeMode                                  ./drivers/fsl_clock.o
CLOCK_SetFeiMode                                  ./drivers/fsl_clock.o
CLOCK_SetInternalRefClkConfig                     ./drivers/fsl_clock.o
                                                  ./board/clock_config.o
CLOCK_SetMcgConfig                                ./drivers/fsl_clock.o
CLOCK_SetOsc0MonitorMode                          ./drivers/fsl_clock.o
CLOCK_SetPbeMode                                  ./drivers/fsl_clock.o
CLOCK_SetPeeMode                                  ./drivers/fsl_clock.o
CLOCK_SetPll0MonitorMode                          ./drivers/fsl_clock.o
CLOCK_SetSimConfig                                ./drivers/fsl_clock.o
                                                  ./board/clock_config.o
CLOCK_TrimInternalRefClk                          ./drivers/fsl_clock.o
CMP0_DriverIRQHandler                             ./startup/startup_mkl25z4.o
CMP0_IRQHandler                                   ./startup/startup_mkl25z4.o
DAC0_DriverIRQHandler                             ./startup/startup_mkl25z4.o
DAC0_IRQHandler                                   ./startup/startup_mkl25z4.o
DMA0_DriverIRQHandler                             ./startup/startup_mkl25z4.o
DMA0_IRQHandler                                   ./startup/startup_mkl25z4.o
DMA1_DriverIRQHandler                             ./startup/startup_mkl25z4.o
DMA1_IRQHandler                                   ./startup/startup_mkl25z4.o
DMA2_DriverIRQHandler                             ./startup/startup_mkl25z4.o
DMA2_IRQHandler                                   ./startup/startup_mkl25z4.o
DMA3_DriverIRQHandler                             ./startup/startup_mkl25z4.o
DMA3_IRQHandler                                   ./startup/startup_mkl25z4.o
DbgConsole_Deinit                                 ./utilities/fsl_debug_console.o
DbgConsole_Init                                   ./utilities/fsl_debug_console.o
                                                  ./board/board.o
FLASH_Erase                                       ./drivers/fsl_flash.o
FLASH_EraseAll                                    ./drivers/fsl_flash.o
FLASH_EraseAllExecuteOnlySegments                 ./drivers/fsl_flash.o
FLASH_GetProperty                                 ./drivers/fsl_flash.o
FLASH_GetSecurityState                            ./drivers/fsl_flash.o
FLASH_Init                                        ./drivers/fsl_flash.o
FLASH_IsExecuteOnly                               ./drivers/fsl_flash.o
FLASH_IsProtected                                 ./drivers/fsl_flash.o
FLASH_PflashGetPrefetchSpeculation                ./drivers/fsl_flash.o
FLASH_PflashGetProtection                         ./drivers/fsl_flash.o
FLASH_PflashSetPrefetchSpeculation                ./drivers/fsl_flash.o
                                                  ./drivers/fsl_smc.o
FLASH_PflashSetProtection                         ./drivers/fsl_flash.o
FLASH_PrepareExecuteInRamFunctions                ./drivers/fsl_flash.o
FLASH_Program                                     ./drivers/fsl_flash.o
FLASH_ProgramOnce                                 ./drivers/fsl_flash.o
FLASH_ReadOnce                                    ./drivers/fsl_flash.o
FLASH_ReadResource                                ./drivers/fsl_flash.o
FLASH_SecurityBypass                              ./drivers/fsl_flash.o
FLASH_SetCallback                                 ./drivers/fsl_flash.o
FLASH_SetProperty                                 ./drivers/fsl_flash.o
FLASH_VerifyErase                                 ./drivers/fsl_flash.o
FLASH_VerifyEraseAll                              ./drivers/fsl_flash.o
FLASH_VerifyEraseAllExecuteOnlySegments           ./drivers/fsl_flash.o
FLASH_VerifyProgram                               ./drivers/fsl_flash.o
FTFA_DriverIRQHandler                             ./startup/startup_mkl25z4.o
FTFA_IRQHandler                                   ./startup/startup_mkl25z4.o
Flash_Config                                      ./startup/startup_mkl25z4.o
GPIO_ClearPinsInterruptFlags                      ./drivers/fsl_gpio.o
GPIO_GetPinsInterruptFlags                        ./drivers/fsl_gpio.o
GPIO_PinInit                                      ./drivers/fsl_gpio.o
HardFault_Handler                                 ./source/semihost_hardfault.o
                                                  ./startup/startup_mkl25z4.o
I2C0_DriverIRQHandler                             ./startup/startup_mkl25z4.o
I2C0_IRQHandler                                   ./startup/startup_mkl25z4.o
I2C1_DriverIRQHandler                             ./startup/startup_mkl25z4.o
I2C1_IRQHandler                                   ./startup/startup_mkl25z4.o
InstallIRQHandler                                 ./drivers/fsl_common.o
IntDefaultHandler                                 ./startup/startup_mkl25z4.o
LLWU_DriverIRQHandler                             ./startup/startup_mkl25z4.o
LLWU_IRQHandler                                   ./startup/startup_mkl25z4.o
LPSCI_ClearStatusFlags                            ./drivers/fsl_lpsci.o
LPSCI_Deinit                                      ./drivers/fsl_lpsci.o
                                                  ./utilities/fsl_debug_console.o
LPSCI_DisableInterrupts                           ./drivers/fsl_lpsci.o
LPSCI_EnableInterrupts                            ./drivers/fsl_lpsci.o
LPSCI_GetDefaultConfig                            ./drivers/fsl_lpsci.o
                                                  ./source/test/ringbufferTest.o
                                                  ./utilities/fsl_debug_console.o
LPSCI_GetEnabledInterrupts                        ./drivers/fsl_lpsci.o
LPSCI_GetInstance                                 ./drivers/fsl_lpsci.o
LPSCI_GetStatusFlags                              ./drivers/fsl_lpsci.o
LPSCI_Init                                        ./drivers/fsl_lpsci.o
                                                  ./source/test/ringbufferTest.o
                                                  ./utilities/fsl_debug_console.o
LPSCI_ReadBlocking                                ./drivers/fsl_lpsci.o
                                                  ./utilities/fsl_debug_console.o
LPSCI_SetBaudRate                                 ./drivers/fsl_lpsci.o
LPSCI_TransferAbortReceive                        ./drivers/fsl_lpsci.o
LPSCI_TransferAbortSend                           ./drivers/fsl_lpsci.o
LPSCI_TransferCreateHandle                        ./drivers/fsl_lpsci.o
LPSCI_TransferGetReceiveCount                     ./drivers/fsl_lpsci.o
LPSCI_TransferGetSendCount                        ./drivers/fsl_lpsci.o
LPSCI_TransferHandleErrorIRQ                      ./drivers/fsl_lpsci.o
LPSCI_TransferHandleIRQ                           ./drivers/fsl_lpsci.o
LPSCI_TransferReceiveNonBlocking                  ./drivers/fsl_lpsci.o
LPSCI_TransferSendNonBlocking                     ./drivers/fsl_lpsci.o
LPSCI_TransferStartRingBuffer                     ./drivers/fsl_lpsci.o
LPSCI_TransferStopRingBuffer                      ./drivers/fsl_lpsci.o
LPSCI_WriteBlocking                               ./drivers/fsl_lpsci.o
                                                  ./utilities/fsl_debug_console.o
LPTMR0_DriverIRQHandler                           ./startup/startup_mkl25z4.o
LPTMR0_IRQHandler                                 ./startup/startup_mkl25z4.o
LVD_LVW_DriverIRQHandler                          ./startup/startup_mkl25z4.o
LVD_LVW_IRQHandler                                ./startup/startup_mkl25z4.o
MCG_DriverIRQHandler                              ./startup/startup_mkl25z4.o
MCG_IRQHandler                                    ./startup/startup_mkl25z4.o
NMI_Handler                                       ./startup/startup_mkl25z4.o
PIT_DriverIRQHandler                              ./startup/startup_mkl25z4.o
PIT_IRQHandler                                    ./startup/startup_mkl25z4.o
PORTA_DriverIRQHandler                            ./startup/startup_mkl25z4.o
PORTA_IRQHandler                                  ./startup/startup_mkl25z4.o
PORTD_DriverIRQHandler                            ./startup/startup_mkl25z4.o
PORTD_IRQHandler                                  ./startup/startup_mkl25z4.o
PendSV_Handler                                    ./startup/startup_mkl25z4.o
RBufferOverflow                                   ./source/RingBuffer.o
                                                  ./source/test/ringbufferTest.o
RTC_DriverIRQHandler                              ./startup/startup_mkl25z4.o
RTC_IRQHandler                                    ./startup/startup_mkl25z4.o
RTC_Seconds_DriverIRQHandler                      ./startup/startup_mkl25z4.o
RTC_Seconds_IRQHandler                            ./startup/startup_mkl25z4.o
RbufferCapacity                                   ./source/RingBuffer.o
                                                  ./source/test/ringbufferTest.o
RbufferInit                                       ./source/RingBuffer.o
                                                  ./source/test/ringbufferTest.o
RbufferIsFull                                     ./source/RingBuffer.o
                                                  ./source/test/ringbufferTest.o
RbufferNumOfElements                              ./source/RingBuffer.o
                                                  ./source/test/ringbufferTest.o
RbufferRead                                       ./source/RingBuffer.o
                                                  ./source/test/ringbufferTest.o
RbufferWrite                                      ./source/RingBuffer.o
                                                  ./source/test/ringbufferTest.o
Reserved20_DriverIRQHandler                       ./startup/startup_mkl25z4.o
Reserved20_IRQHandler                             ./startup/startup_mkl25z4.o
Reserved39_DriverIRQHandler                       ./startup/startup_mkl25z4.o
Reserved39_IRQHandler                             ./startup/startup_mkl25z4.o
Reserved45_DriverIRQHandler                       ./startup/startup_mkl25z4.o
Reserved45_IRQHandler                             ./startup/startup_mkl25z4.o
ResetISR                                          ./startup/startup_mkl25z4.o
SMC_PostExitStopModes                             ./drivers/fsl_smc.o
SMC_PreEnterStopModes                             ./drivers/fsl_smc.o
SMC_SetPowerModeLls                               ./drivers/fsl_smc.o
SMC_SetPowerModeRun                               ./drivers/fsl_smc.o
SMC_SetPowerModeStop                              ./drivers/fsl_smc.o
SMC_SetPowerModeVlls                              ./drivers/fsl_smc.o
SMC_SetPowerModeVlpr                              ./drivers/fsl_smc.o
                                                  ./board/clock_config.o
SMC_SetPowerModeVlps                              ./drivers/fsl_smc.o
SMC_SetPowerModeVlpw                              ./drivers/fsl_smc.o
SMC_SetPowerModeWait                              ./drivers/fsl_smc.o
SPI0_DriverIRQHandler                             ./startup/startup_mkl25z4.o
SPI0_IRQHandler                                   ./startup/startup_mkl25z4.o
SPI1_DriverIRQHandler                             ./startup/startup_mkl25z4.o
SPI1_IRQHandler                                   ./startup/startup_mkl25z4.o
SVC_Handler                                       ./startup/startup_mkl25z4.o
SysTick_Handler                                   ./startup/startup_mkl25z4.o
SystemCoreClock                                   ./CMSIS/system_MKL25Z4.o
                                                  ./board/clock_config.o
SystemCoreClockUpdate                             ./CMSIS/system_MKL25Z4.o
SystemInit                                        ./CMSIS/system_MKL25Z4.o
                                                  ./startup/startup_mkl25z4.o
TPM0_DriverIRQHandler                             ./startup/startup_mkl25z4.o
TPM0_IRQHandler                                   ./startup/startup_mkl25z4.o
TPM1_DriverIRQHandler                             ./startup/startup_mkl25z4.o
TPM1_IRQHandler                                   ./startup/startup_mkl25z4.o
TPM2_DriverIRQHandler                             ./startup/startup_mkl25z4.o
TPM2_IRQHandler                                   ./startup/startup_mkl25z4.o
TSI0_DriverIRQHandler                             ./startup/startup_mkl25z4.o
TSI0_IRQHandler                                   ./startup/startup_mkl25z4.o
UART0_DriverIRQHandler                            ./drivers/fsl_lpsci.o
                                                  ./startup/startup_mkl25z4.o
UART0_IRQHandler                                  ./startup/startup_mkl25z4.o
UART1_DriverIRQHandler                            ./drivers/fsl_uart.o
                                                  ./startup/startup_mkl25z4.o
UART1_IRQHandler                                  ./startup/startup_mkl25z4.o
UART1_RX_TX_DriverIRQHandler                      ./drivers/fsl_uart.o
UART2_DriverIRQHandler                            ./drivers/fsl_uart.o
                                                  ./startup/startup_mkl25z4.o
UART2_IRQHandler                                  ./startup/startup_mkl25z4.o
UART2_RX_TX_DriverIRQHandler                      ./drivers/fsl_uart.o
UART_ClearStatusFlags                             ./drivers/fsl_uart.o
UART_Deinit                                       ./drivers/fsl_uart.o
                                                  ./utilities/fsl_debug_console.o
UART_DisableInterrupts                            ./drivers/fsl_uart.o
UART_EnableInterrupts                             ./drivers/fsl_uart.o
UART_GetDefaultConfig                             ./drivers/fsl_uart.o
                                                  ./utilities/fsl_debug_console.o
UART_GetEnabledInterrupts                         ./drivers/fsl_uart.o
UART_GetInstance                                  ./drivers/fsl_uart.o
UART_GetStatusFlags                               ./drivers/fsl_uart.o
UART_Init                                         ./drivers/fsl_uart.o
                                                  ./utilities/fsl_debug_console.o
UART_ReadBlocking                                 ./drivers/fsl_uart.o
                                                  ./utilities/fsl_debug_console.o
UART_SetBaudRate                                  ./drivers/fsl_uart.o
UART_TransferAbortReceive                         ./drivers/fsl_uart.o
UART_TransferAbortSend                            ./drivers/fsl_uart.o
UART_TransferCreateHandle                         ./drivers/fsl_uart.o
UART_TransferGetReceiveCount                      ./drivers/fsl_uart.o
UART_TransferGetSendCount                         ./drivers/fsl_uart.o
UART_TransferHandleErrorIRQ                       ./drivers/fsl_uart.o
UART_TransferHandleIRQ                            ./drivers/fsl_uart.o
UART_TransferReceiveNonBlocking                   ./drivers/fsl_uart.o
UART_TransferSendNonBlocking                      ./drivers/fsl_uart.o
UART_TransferStartRingBuffer                      ./drivers/fsl_uart.o
UART_TransferStopRingBuffer                       ./drivers/fsl_uart.o
UART_WriteBlocking                                ./drivers/fsl_uart.o
                                                  ./utilities/fsl_debug_console.o
USB0_DriverIRQHandler                             ./startup/startup_mkl25z4.o
USB0_IRQHandler                                   ./startup/startup_mkl25z4.o
Unity                                             ./source/unity/unity.o
UnityAssertBits                                   ./source/unity/unity.o
UnityAssertEqualFloatArray                        ./source/unity/unity.o
UnityAssertEqualIntArray                          ./source/unity/unity.o
                                                  ./source/test/ringbufferTest.o
UnityAssertEqualMemory                            ./source/unity/unity.o
UnityAssertEqualNumber                            ./source/unity/unity.o
                                                  ./source/test/ringbufferTest.o
UnityAssertEqualString                            ./source/unity/unity.o
                                                  ./source/test/ringbufferTest.o
UnityAssertEqualStringArray                       ./source/unity/unity.o
UnityAssertEqualStringLen                         ./source/unity/unity.o
UnityAssertFloatSpecial                           ./source/unity/unity.o
UnityAssertFloatsWithin                           ./source/unity/unity.o
UnityAssertGreaterOrLessOrEqualNumber             ./source/unity/unity.o
UnityAssertNumbersArrayWithin                     ./source/unity/unity.o
UnityAssertNumbersWithin                          ./source/unity/unity.o
UnityBegin                                        ./source/unity/unity.o
                                                  ./source/test/ringbufferTest.o
UnityConcludeTest                                 ./source/unity/unity.o
UnityDefaultTestRun                               ./source/unity/unity.o
                                                  ./source/test/ringbufferTest.o
UnityEnd                                          ./source/unity/unity.o
                                                  ./source/test/ringbufferTest.o
UnityFail                                         ./source/unity/unity.o
                                                  ./source/test/ringbufferTest.o
UnityFloatToPtr                                   ./source/unity/unity.o
UnityIgnore                                       ./source/unity/unity.o
UnityNumToPtr                                     ./source/unity/unity.o
                                                  ./source/test/ringbufferTest.o
UnityPrint                                        ./source/unity/unity.o
UnityPrintFloat                                   ./source/unity/unity.o
UnityPrintLen                                     ./source/unity/unity.o
UnityPrintMask                                    ./source/unity/unity.o
UnityPrintNumber                                  ./source/unity/unity.o
UnityPrintNumberByStyle                           ./source/unity/unity.o
UnityPrintNumberHex                               ./source/unity/unity.o