unity_config.h:18:20:UART0_WriteByte	16	static
unity.h:39:31:setUp	8	static
unity.h:40:31:tearDown	8	static
unity.h:41:31:suiteSetUp	8	static
unity.h:42:30:suiteTearDown	16	static
unity.c:72:13:UnityPrintChar	16	static
unity.c:122:6:UnityPrint	24	static
unity.c:259:6:UnityPrintLen	24	static
unity.c:297:6:UnityPrintNumberByStyle	16	static
unity.c:316:6:UnityPrintNumber	24	static
unity.c:331:6:UnityPrintNumberUnsigned	24	static
unity.c:350:6:UnityPrintNumberHex	24	static
unity.c:376:6:UnityPrintMask	24	static
unity.c:411:6:UnityPrintFloat	80	static
unity.c:565:13:UnityTestResultsBegin	16	static
unity.c:576:13:UnityTestResultsFailBegin	16	static
unity.c:584:6:UnityConcludeTest	8	static
unity.c:608:13:UnityAddMsgIfSpecified	16	static
unity.c:631:13:UnityPrintExpectedAndActualStrings	16	static
unity.c:658:13:UnityPrintExpectedAndActualStringsLen	24	static
unity.c:691:12:UnityIsOneArrayNull	24	static
unity.c:725:6:UnityAssertBits	24	static
unity.c:746:6:UnityAssertEqualNumber	32	static
unity.c:767:6:UnityAssertGreaterOrLessOrEqualNumber	32	static
unity.c:813:6:UnityAssertEqualIntArray	56	static
unity.c:936:12:UnityFloatsWithin	40	static
unity.c:943:6:UnityAssertEqualFloatArray	40	static
unity.c:991:6:UnityAssertFloatsWithin	24	static
unity.c:1010:6:UnityAssertFloatSpecial	64	static
unity.c:1216:6:UnityAssertNumbersWithin	32	static
unity.c:1263:6:UnityAssertNumbersArrayWithin	56	static
unity.c:1373:6:UnityAssertEqualString	32	static
unity.c:1412:6:UnityAssertEqualStringLen	32	static
unity.c:1452:6:UnityAssertEqualStringArray	40	static
unity.c:1531:6:UnityAssertEqualMemory	40	static
unity.c:1612:20:UnityNumToPtr	16	static
unity.c:1638:20:UnityFloatToPtr	16	static
unity.c:1659:6:UnityFail	16	static
unity.c:1693:6:UnityIgnore	16	static
unity.c:1709:6:UnityDefaultTestRun	24	static
unity.c:1730:6:UnityBegin	16	static
unity.c:1746:5:UnityEnd	8	static
