fsl_clock.h:620:20:CLOCK_SetLpsci0Clock	16	static
fsl_lpsci.h:461:20:LPSCI_EnableTx	16	static
fsl_lpsci.h:481:20:LPSCI_EnableRx	16	static
ringbufferTest.c:44:13:rand_string	80	static
ringbufferTest.c:56:6:setUp	8	static
ringbufferTest.c:62:6:tearDown	8	static
ringbufferTest.c:66:6:test_InitTest	24	static
ringbufferTest.c:74:6:test_Empty	16	static
ringbufferTest.c:79:6:test_OverFlow	24	static
ringbufferTest.c:84:6:test_IncrementAddress	24	static
ringbufferTest.c:97:6:test_WriteReadInit	80	dynamic
ringbufferTest.c:114:6:test_WriteOverFlow	136	dynamic
ringbufferTest.c:176:6:test_WriteToFullAndReadAll	128	dynamic
ringbufferTest.c:232:6:test_BufferOverFlow	88	dynamic
ringbufferTest.c:261:6:test_BufferReadEmpty	80	dynamic
ringbufferTest.c:280:5:main	16	static
